Archive member included to satisfy reference by file (symbol)

/usr/lib/gcc/arm-none-eabi/13.2.1/../../../arm-none-eabi/lib/thumb/v7e-m+fp/hard/libc_nano.a(libc_a-assert.o)
                              _build/nrf52840_xxaa/hopping.c.o (__assert_func)
/usr/lib/gcc/arm-none-eabi/13.2.1/../../../arm-none-eabi/lib/thumb/v7e-m+fp/hard/libc_nano.a(libc_a-strcpy.o)
                              _build/nrf52840_xxaa/SEGGER_RTT.c.o (strcpy)
/usr/lib/gcc/arm-none-eabi/13.2.1/../../../arm-none-eabi/lib/thumb/v7e-m+fp/hard/libc_nano.a(libc_a-impure.o)
                              /usr/lib/gcc/arm-none-eabi/13.2.1/../../../arm-none-eabi/lib/thumb/v7e-m+fp/hard/libc_nano.a(libc_a-assert.o) (_impure_ptr)
/usr/lib/gcc/arm-none-eabi/13.2.1/../../../arm-none-eabi/lib/thumb/v7e-m+fp/hard/libc_nano.a(libc_a-init.o)
                              /usr/lib/gcc/arm-none-eabi/13.2.1/../../../arm-none-eabi/lib/thumb/v7e-m+fp/hard/crt0.o (__libc_init_array)
/usr/lib/gcc/arm-none-eabi/13.2.1/../../../arm-none-eabi/lib/thumb/v7e-m+fp/hard/libc_nano.a(libc_a-abort.o)
                              /usr/lib/gcc/arm-none-eabi/13.2.1/../../../arm-none-eabi/lib/thumb/v7e-m+fp/hard/libc_nano.a(libc_a-assert.o) (abort)
/usr/lib/gcc/arm-none-eabi/13.2.1/../../../arm-none-eabi/lib/thumb/v7e-m+fp/hard/libc_nano.a(libc_a-strlen.o)
                              _build/nrf52840_xxaa/SEGGER_RTT.c.o (strlen)
/usr/lib/gcc/arm-none-eabi/13.2.1/../../../arm-none-eabi/lib/thumb/v7e-m+fp/hard/libc_nano.a(libc_a-memset.o)
                              /usr/lib/gcc/arm-none-eabi/13.2.1/../../../arm-none-eabi/lib/thumb/v7e-m+fp/hard/crt0.o (memset)
/usr/lib/gcc/arm-none-eabi/13.2.1/../../../arm-none-eabi/lib/thumb/v7e-m+fp/hard/libc_nano.a(libc_a-memcpy.o)
                              _build/nrf52840_xxaa/SEGGER_RTT.c.o (memcpy)
/usr/lib/gcc/arm-none-eabi/13.2.1/../../../arm-none-eabi/lib/thumb/v7e-m+fp/hard/libc_nano.a(libc_a-fprintf.o)
                              /usr/lib/gcc/arm-none-eabi/13.2.1/../../../arm-none-eabi/lib/thumb/v7e-m+fp/hard/libc_nano.a(libc_a-assert.o) (fiprintf)
/usr/lib/gcc/arm-none-eabi/13.2.1/../../../arm-none-eabi/lib/thumb/v7e-m+fp/hard/libc_nano.a(libc_a-exit.o)
                              /usr/lib/gcc/arm-none-eabi/13.2.1/../../../arm-none-eabi/lib/thumb/v7e-m+fp/hard/crt0.o (exit)
/usr/lib/gcc/arm-none-eabi/13.2.1/../../../arm-none-eabi/lib/thumb/v7e-m+fp/hard/libc_nano.a(libc_a-atexit.o)
                              /usr/lib/gcc/arm-none-eabi/13.2.1/../../../arm-none-eabi/lib/thumb/v7e-m+fp/hard/crt0.o (atexit)
/usr/lib/gcc/arm-none-eabi/13.2.1/../../../arm-none-eabi/lib/thumb/v7e-m+fp/hard/libc_nano.a(libc_a-snprintf.o)
                              _build/nrf52840_xxaa/app_usbd_serial_num.c.o (snprintf)
/usr/lib/gcc/arm-none-eabi/13.2.1/../../../arm-none-eabi/lib/thumb/v7e-m+fp/hard/libc_nano.a(libc_a-memcmp.o)
                              _build/nrf52840_xxaa/main.c.o (memcmp)
/usr/lib/gcc/arm-none-eabi/13.2.1/../../../arm-none-eabi/lib/thumb/v7e-m+fp/hard/libc_nano.a(libc_a-nano-vfprintf.o)
                              /usr/lib/gcc/arm-none-eabi/13.2.1/../../../arm-none-eabi/lib/thumb/v7e-m+fp/hard/libc_nano.a(libc_a-fprintf.o) (_vfprintf_r)
/usr/lib/gcc/arm-none-eabi/13.2.1/../../../arm-none-eabi/lib/thumb/v7e-m+fp/hard/libc_nano.a(libc_a-fini.o)
                              /usr/lib/gcc/arm-none-eabi/13.2.1/../../../arm-none-eabi/lib/thumb/v7e-m+fp/hard/crt0.o (__libc_fini_array)
/usr/lib/gcc/arm-none-eabi/13.2.1/../../../arm-none-eabi/lib/thumb/v7e-m+fp/hard/libc_nano.a(libc_a-wbuf.o)
                              /usr/lib/gcc/arm-none-eabi/13.2.1/../../../arm-none-eabi/lib/thumb/v7e-m+fp/hard/libc_nano.a(libc_a-nano-vfprintf.o) (__swbuf_r)
/usr/lib/gcc/arm-none-eabi/13.2.1/../../../arm-none-eabi/lib/thumb/v7e-m+fp/hard/libc_nano.a(libc_a-nano-svfprintf.o)
                              /usr/lib/gcc/arm-none-eabi/13.2.1/../../../arm-none-eabi/lib/thumb/v7e-m+fp/hard/libc_nano.a(libc_a-snprintf.o) (_svfprintf_r)
/usr/lib/gcc/arm-none-eabi/13.2.1/../../../arm-none-eabi/lib/thumb/v7e-m+fp/hard/libc_nano.a(libc_a-fvwrite.o)
                              /usr/lib/gcc/arm-none-eabi/13.2.1/../../../arm-none-eabi/lib/thumb/v7e-m+fp/hard/libc_nano.a(libc_a-nano-vfprintf.o) (__sfvwrite_r)
/usr/lib/gcc/arm-none-eabi/13.2.1/../../../arm-none-eabi/lib/thumb/v7e-m+fp/hard/libc_nano.a(libc_a-signal.o)
                              /usr/lib/gcc/arm-none-eabi/13.2.1/../../../arm-none-eabi/lib/thumb/v7e-m+fp/hard/libc_nano.a(libc_a-abort.o) (raise)
/usr/lib/gcc/arm-none-eabi/13.2.1/../../../arm-none-eabi/lib/thumb/v7e-m+fp/hard/libc_nano.a(libc_a-findfp.o)
                              /usr/lib/gcc/arm-none-eabi/13.2.1/../../../arm-none-eabi/lib/thumb/v7e-m+fp/hard/libc_nano.a(libc_a-nano-vfprintf.o) (__sinit)
/usr/lib/gcc/arm-none-eabi/13.2.1/../../../arm-none-eabi/lib/thumb/v7e-m+fp/hard/libc_nano.a(libc_a-fflush.o)
[...]
Memory Configuration

Name             Origin             Length             Attributes
FLASH            0x00001000         0x000df000         xr
RAM              0x20000008         0x0003fff8         xrw
*default*        0x00000000         0xffffffff

Linker script and memory map

LOAD /usr/lib/gcc/arm-none-eabi/13.2.1/thumb/v7e-m+fp/hard/crti.o
LOAD /usr/lib/gcc/arm-none-eabi/13.2.1/thumb/v7e-m+fp/hard/crtbegin.o
LOAD /usr/lib/gcc/arm-none-eabi/13.2.1/../../../arm-none-eabi/lib/thumb/v7e-m+fp/hard/crt0.o
LOAD _build/nrf52840_xxaa/nrfx_uart.c.o
LOAD _build/nrf52840_xxaa/SEGGER_RTT.c.o
LOAD _build/nrf52840_xxaa/SEGGER_RTT_printf.c.o
LOAD _build/nrf52840_xxaa/gcc_startup_nrf52840.S.o
LOAD _build/nrf52840_xxaa/system_nrf52840.c.o
LOAD _build/nrf52840_xxaa/nrfx_usbd.c.o
LOAD _build/nrf52840_xxaa/nrfx_atomic.c.o
LOAD _build/nrf52840_xxaa/nrfx_systick.c.o
LOAD _build/nrf52840_xxaa/nrfx_clock.c.o
LOAD _build/nrf52840_xxaa/nrfx_power.c.o
LOAD _build/nrf52840_xxaa/hopping.c.o
LOAD _build/nrf52840_xxaa/queue.c.o
LOAD _build/nrf52840_xxaa/main.c.o
LOAD _build/nrf52840_xxaa/transport_usbd.c.o
LOAD _build/nrf52840_xxaa/radio.c.o
LOAD _build/nrf52840_xxaa/timer.c.o
LOAD _build/nrf52840_xxaa/nrf_queue.c.o
LOAD _build/nrf52840_xxaa/app_uart_fifo.c.o
LOAD _build/nrf52840_xxaa/app_usbd.c.o
LOAD _build/nrf52840_xxaa/app_usbd_cdc_acm.c.o
LOAD _build/nrf52840_xxaa/app_usbd_core.c.o
LOAD _build/nrf52840_xxaa/app_usbd_serial_num.c.o
LOAD _build/nrf52840_xxaa/app_usbd_string_desc.c.o
LOAD _build/nrf52840_xxaa/app_util_platform.c.o
LOAD _build/nrf52840_xxaa/app_error.c.o
LOAD _build/nrf52840_xxaa/nrf_atfifo.c.o
LOAD _build/nrf52840_xxaa/nrf_atomic.c.o
LOAD _build/nrf52840_xxaa/nrf_section_iter.c.o
LOAD _build/nrf52840_xxaa/nrf_drv_clock.c.o
LOAD _build/nrf52840_xxaa/nrf_drv_power.c.o
LOAD /usr/lib/gcc/arm-none-eabi/13.2.1/../../../arm-none-eabi/lib/thumb/v7e-m+fp/hard/libc_nano.a
LOAD /usr/lib/gcc/arm-none-eabi/13.2.1/../../../arm-none-eabi/lib/thumb/v7e-m+fp/hard/libnosys.a
LOAD /usr/lib/gcc/arm-none-eabi/13.2.1/../../../arm-none-eabi/lib/thumb/v7e-m+fp/hard/libm.a
START GROUP
LOAD /usr/lib/gcc/arm-none-eabi/13.2.1/thumb/v7e-m+fp/hard/libgcc.a
LOAD /usr/lib/gcc/arm-none-eabi/13.2.1/../../../arm-none-eabi/lib/thumb/v7e-m+fp/hard/libg_nano.a
LOAD /usr/lib/gcc/arm-none-eabi/13.2.1/../../../arm-none-eabi/lib/thumb/v7e-m+fp/hard/libc_nano.a
END GROUP
START GROUP
LOAD /usr/lib/gcc/arm-none-eabi/13.2.1/thumb/v7e-m+fp/hard/libgcc.a
LOAD /usr/lib/gcc/arm-none-eabi/13.2.1/../../../arm-none-eabi/lib/thumb/v7e-m+fp/hard/libc_nano.a
END GROUP
LOAD /usr/lib/gcc/arm-none-eabi/13.2.1/thumb/v7e-m+fp/hard/crtend.o
LOAD /usr/lib/gcc/arm-none-eabi/13.2.1/thumb/v7e-m+fp/hard/crtn.o
START GROUP
LOAD /usr/lib/gcc/arm-none-eabi/13.2.1/thumb/v7e-m+fp/hard/libgcc.a
LOAD /usr/lib/gcc/arm-none-eabi/13.2.1/../../../arm-none-eabi/lib/thumb/v7e-m+fp/hard/libc.a
LOAD /usr/lib/gcc/arm-none-eabi/13.2.1/../../../arm-none-eabi/lib/thumb/v7e-m+fp/hard/libnosys.a
END GROUP

.text           0x00001000     0x7560
 *(.isr_vector)
 .isr_vector    0x00001000      0x200 _build/nrf52840_xxaa/gcc_startup_nrf52840.S.o
                0x00001000                __isr_vector
 *(.text*)
 .text          0x00001200       0x88 /usr/lib/gcc/arm-none-eabi/13.2.1/thumb/v7e-m+fp/hard/crtbegin.o
 .text          0x00001288       0x70 /usr/lib/gcc/arm-none-eabi/13.2.1/../../../arm-none-eabi/lib/thumb/v7e-m+fp/hard/crt0.o
                0x00001288                _stack_init
                0x00001290                _mainCRTStartup
                0x00001290                _start
 .text          0x000012f8       0x3c _build/nrf52840_xxaa/gcc_startup_nrf52840.S.o
                0x000012f8                Reset_Handler
                0x00001320                NMI_Handler
                0x00001322                HardFault_Handler
                0x00001324                MemoryManagement_Handler
                0x00001326                BusFault_Handler
                0x00001328                UsageFault_Handler
                0x0000132a                SVC_Handler
                0x0000132c                DebugMon_Handler
                0x0000132e                PendSV_Handler
                0x00001330                SysTick_Handler
                0x00001332                TIMER2_IRQHandler
                0x00001332                RTC0_IRQHandler
                0x00001332                SWI0_EGU0_IRQHandler
                0x00001332                SWI2_EGU2_IRQHandler
                0x00001332                GPIOTE_IRQHandler
                0x00001332                PWM1_IRQHandler
                0x00001332                PDM_IRQHandler
                0x00001332                TEMP_IRQHandler
                0x00001332                QDEC_IRQHandler
                0x00001332                TIMER3_IRQHandler
                0x00001332                PWM3_IRQHandler
                0x00001332                FPU_IRQHandler
                0x00001332                SPIM0_SPIS0_TWIM0_TWIS0_SPI0_TWI0_IRQHandler
                0x00001332                UARTE0_UART0_IRQHandler
                0x00001332                TIMER4_IRQHandler
                0x00001332                CRYPTOCELL_IRQHandler
                0x00001332                I2S_IRQHandler
                0x00001332                SWI4_EGU4_IRQHandler
                0x00001332                UARTE1_IRQHandler
                0x00001332                TIMER1_IRQHandler
                0x00001332                SPIM3_IRQHandler
                0x00001332                PWM2_IRQHandler
                0x00001332                ECB_IRQHandler
                0x00001332                SPIM1_SPIS1_TWIM1_TWIS1_SPI1_TWI1_IRQHandler
                0x00001332                Default_Handler
                0x00001332                SAADC_IRQHandler
                0x00001332                CCM_AAR_IRQHandler
                0x00001332                WDT_IRQHandler
                0x00001332                SWI5_EGU5_IRQHandler
                0x00001332                RNG_IRQHandler
                0x00001332                RTC2_IRQHandler
                0x00001332                PWM0_IRQHandler
                0x00001332                SWI3_EGU3_IRQHandler
                0x00001332                RTC1_IRQHandler
                0x00001332                SWI1_EGU1_IRQHandler
                0x00001332                SPIM2_SPIS2_SPI2_IRQHandler
                0x00001332                NFCT_IRQHandler
                0x00001332                MWU_IRQHandler
                0x00001332                QSPI_IRQHandler
                0x00001332                COMP_LPCOMP_IRQHandler
 .text.errata_98
                0x00001334       0x1a _build/nrf52840_xxaa/system_nrf52840.c.o
 *fill*         0x0000134e        0x2 
 .text.SystemInit
                0x00001350      0x1b8 _build/nrf52840_xxaa/system_nrf52840.c.o
                0x00001350                SystemInit
 .text.nrf_usbd_task_trigger
                0x00001508       0x16 _build/nrf52840_xxaa/nrfx_usbd.c.o
 *fill*         0x0000151e        0x2 
 .text.nrf_usbd_ep_is_stall
                0x00001520       0x34 _build/nrf52840_xxaa/nrfx_usbd.c.o
 .text.nrf_usbd_epout_size_get
                0x00001554       0x28 _build/nrf52840_xxaa/nrfx_usbd.c.o
 .text.nrfx_usbd_errata_type_52840_eng_b
                0x0000157c       0x1c _build/nrf52840_xxaa/nrfx_usbd.c.o
 .text.nrfx_usbd_consumer
                0x00001598       0x32 _build/nrf52840_xxaa/nrfx_usbd.c.o
                0x00001598                nrfx_usbd_consumer
 .text.nrfx_usbd_feeder_ram
                0x000015ca       0x22 _build/nrf52840_xxaa/nrfx_usbd.c.o
                0x000015ca                nrfx_usbd_feeder_ram
 .text.nrfx_usbd_feeder_ram_zlp
                0x000015ec       0x28 _build/nrf52840_xxaa/nrfx_usbd.c.o
                0x000015ec                nrfx_usbd_feeder_ram_zlp
 .text.ep_state_access
                0x00001614       0x1c _build/nrf52840_xxaa/nrfx_usbd.c.o
 .text.ep2bit   0x00001630       0x10 _build/nrf52840_xxaa/nrfx_usbd.c.o
 .text.usbd_dma_pending_clear
                0x00001640       0x18 _build/nrf52840_xxaa/nrfx_usbd.c.o
 .text.ev_usbreset_handler
                0x00001658       0x2c _build/nrf52840_xxaa/nrfx_usbd.c.o
 .text.ev_started_handler
                0x00001684        0x2 _build/nrf52840_xxaa/nrfx_usbd.c.o
 *fill*         0x00001686        0x2 
 .text.usbd_ep_data_handler
                0x00001688       0x58 _build/nrf52840_xxaa/nrfx_usbd.c.o
 .text.ev_setup_data_handler
                0x000016e0       0x1c _build/nrf52840_xxaa/nrfx_usbd.c.o
 .text.ev_usbevent_handler
                0x000016fc       0x80 _build/nrf52840_xxaa/nrfx_usbd.c.o
 .text.nrfx_usbd_feeder_flash
                0x0000177c       0x38 _build/nrf52840_xxaa/nrfx_usbd.c.o
                0x0000177c                nrfx_usbd_feeder_flash
 .text.nrfx_usbd_feeder_flash_zlp
                0x000017b4       0x3c _build/nrf52840_xxaa/nrfx_usbd.c.o
                0x000017b4                nrfx_usbd_feeder_flash_zlp
 .text.ev_dma_epin0_handler
                0x000017f0       0x30 _build/nrf52840_xxaa/nrfx_usbd.c.o
 .text.nrf_usbd_epin_dma_handler
                0x00001820       0x34 _build/nrf52840_xxaa/nrfx_usbd.c.o
 .text.ev_dma_epin7_handler
                0x00001854        0x6 _build/nrf52840_xxaa/nrfx_usbd.c.o
 .text.ev_dma_epin6_handler
                0x0000185a        0x6 _build/nrf52840_xxaa/nrfx_usbd.c.o
 .text.ev_dma_epin5_handler
                0x00001860        0x6 _build/nrf52840_xxaa/nrfx_usbd.c.o
 .text.ev_dma_epin4_handler
                0x00001866        0x6 _build/nrf52840_xxaa/nrfx_usbd.c.o
 .text.ev_dma_epin3_handler
                0x0000186c        0x6 _build/nrf52840_xxaa/nrfx_usbd.c.o
 .text.ev_dma_epin2_handler
                0x00001872        0x6 _build/nrf52840_xxaa/nrfx_usbd.c.o
 .text.ev_dma_epin1_handler
                0x00001878        0x6 _build/nrf52840_xxaa/nrfx_usbd.c.o
 *fill*         0x0000187e        0x2 
 .text.ev_sof_handler
                0x00001880       0x44 _build/nrf52840_xxaa/nrfx_usbd.c.o
 .text.ev_dma_epout8_handler
                0x000018c4       0x48 _build/nrf52840_xxaa/nrfx_usbd.c.o
 .text.ev_dma_epin8_handler
                0x0000190c       0x58 _build/nrf52840_xxaa/nrfx_usbd.c.o
 .text.usbd_dmareq_process
                0x00001964      0x1e8 _build/nrf52840_xxaa/nrfx_usbd.c.o
 .text.ev_epdata_handler
                0x00001b4c       0x68 _build/nrf52840_xxaa/nrfx_usbd.c.o
 .text.nrf_usbd_epout_dma_handler
                0x00001bb4       0x68 _build/nrf52840_xxaa/nrfx_usbd.c.o
 .text.ev_dma_epout7_handler
                0x00001c1c        0x6 _build/nrf52840_xxaa/nrfx_usbd.c.o
 .text.ev_dma_epout6_handler
                0x00001c22        0x6 _build/nrf52840_xxaa/nrfx_usbd.c.o
 .text.ev_dma_epout5_handler
                0x00001c28        0x6 _build/nrf52840_xxaa/nrfx_usbd.c.o
 .text.ev_dma_epout4_handler
                0x00001c2e        0x6 _build/nrf52840_xxaa/nrfx_usbd.c.o
 .text.ev_dma_epout3_handler
                0x00001c34        0x6 _build/nrf52840_xxaa/nrfx_usbd.c.o
 .text.ev_dma_epout2_handler
                0x00001c3a        0x6 _build/nrf52840_xxaa/nrfx_usbd.c.o
 .text.ev_dma_epout1_handler
                0x00001c40        0x6 _build/nrf52840_xxaa/nrfx_usbd.c.o
 *fill*         0x00001c46        0x2 
 .text.nrfx_usbd_uninit
                0x00001c48       0x14 _build/nrf52840_xxaa/nrfx_usbd.c.o
                0x00001c48                nrfx_usbd_uninit
 .text.nrfx_usbd_enable
                0x00001c5c      0x158 _build/nrf52840_xxaa/nrfx_usbd.c.o
                0x00001c5c                nrfx_usbd_enable
 .text.nrfx_usbd_start
                0x00001db4       0x54 _build/nrf52840_xxaa/nrfx_usbd.c.o
                0x00001db4                nrfx_usbd_start
 .text.nrfx_usbd_is_initialized
                0x00001e08       0x10 _build/nrf52840_xxaa/nrfx_usbd.c.o
                0x00001e08                nrfx_usbd_is_initialized
 .text.nrfx_usbd_is_enabled
                0x00001e18       0x14 _build/nrf52840_xxaa/nrfx_usbd.c.o
                0x00001e18                nrfx_usbd_is_enabled
 .text.nrfx_usbd_wakeup_req
                0x00001e2c       0x5c _build/nrf52840_xxaa/nrfx_usbd.c.o
                0x00001e2c                nrfx_usbd_wakeup_req
 .text.nrfx_usbd_suspend_irq_config
                0x00001e88       0x14 _build/nrf52840_xxaa/nrfx_usbd.c.o
                0x00001e88                nrfx_usbd_suspend_irq_config
 .text.nrfx_usbd_active_irq_config
                0x00001e9c       0x14 _build/nrf52840_xxaa/nrfx_usbd.c.o
                0x00001e9c                nrfx_usbd_active_irq_config
 .text.nrfx_usbd_force_bus_wakeup
                0x00001eb0        0xc _build/nrf52840_xxaa/nrfx_usbd.c.o
                0x00001eb0                nrfx_usbd_force_bus_wakeup
 .text.nrfx_usbd_ep_max_packet_size_set
                0x00001ebc        0xa _build/nrf52840_xxaa/nrfx_usbd.c.o
                0x00001ebc                nrfx_usbd_ep_max_packet_size_set
 *fill*         0x00001ec6        0x2 
 .text.nrfx_usbd_init
                0x00001ec8       0x78 _build/nrf52840_xxaa/nrfx_usbd.c.o
                0x00001ec8                nrfx_usbd_init
 .text.nrfx_usbd_ep_max_packet_size_get
                0x00001f40        0xa _build/nrf52840_xxaa/nrfx_usbd.c.o
                0x00001f40                nrfx_usbd_ep_max_packet_size_get
 *fill*         0x00001f4a        0x2 
 .text.nrfx_usbd_ep_enable_check
                0x00001f4c       0x20 _build/nrf52840_xxaa/nrfx_usbd.c.o
                0x00001f4c                nrfx_usbd_ep_enable_check
 .text.nrfx_usbd_ep_transfer
                0x00001f6c       0xe8 _build/nrf52840_xxaa/nrfx_usbd.c.o
                0x00001f6c                nrfx_usbd_ep_transfer
 .text.nrfx_usbd_ep_handled_transfer
                0x00002054       0x78 _build/nrf52840_xxaa/nrfx_usbd.c.o
                0x00002054                nrfx_usbd_ep_handled_transfer
 .text.nrfx_usbd_feeder_buffer_get
                0x000020cc        0x8 _build/nrf52840_xxaa/nrfx_usbd.c.o
                0x000020cc                nrfx_usbd_feeder_buffer_get
 .text.nrfx_usbd_ep_stall
                0x000020d4       0x18 _build/nrf52840_xxaa/nrfx_usbd.c.o
                0x000020d4                nrfx_usbd_ep_stall
 .text.nrfx_usbd_ep_stall_check
                0x000020ec        0x4 _build/nrf52840_xxaa/nrfx_usbd.c.o
                0x000020ec                nrfx_usbd_ep_stall_check
 .text.nrfx_usbd_ep_dtoggle_clear
                0x000020f0       0x20 _build/nrf52840_xxaa/nrfx_usbd.c.o
                0x000020f0                nrfx_usbd_ep_dtoggle_clear
 .text.nrfx_usbd_setup_get
                0x00002110       0x4c _build/nrf52840_xxaa/nrfx_usbd.c.o
                0x00002110                nrfx_usbd_setup_get
 .text.nrfx_usbd_setup_data_clear
                0x0000215c       0x2a _build/nrf52840_xxaa/nrfx_usbd.c.o
                0x0000215c                nrfx_usbd_setup_data_clear
 *fill*         0x00002186        0x2 
 .text.ev_dma_epout0_handler
                0x00002188       0x58 _build/nrf52840_xxaa/nrfx_usbd.c.o
 .text.nrfx_usbd_setup_clear
                0x000021e0        0x6 _build/nrf52840_xxaa/nrfx_usbd.c.o
                0x000021e0                nrfx_usbd_setup_clear
 .text.nrfx_usbd_setup_stall
                0x000021e6        0x6 _build/nrf52840_xxaa/nrfx_usbd.c.o
                0x000021e6                nrfx_usbd_setup_stall
 .text.nrfx_usbd_last_setup_dir_get
                0x000021ec        0xc _build/nrf52840_xxaa/nrfx_usbd.c.o
                0x000021ec                nrfx_usbd_last_setup_dir_get
 .text.nrfx_usbd_transfer_out_drop
                0x000021f8       0x88 _build/nrf52840_xxaa/nrfx_usbd.c.o
                0x000021f8                nrfx_usbd_transfer_out_drop
 .text.usbd_ep_abort
                0x00002280       0xfc _build/nrf52840_xxaa/nrfx_usbd.c.o
 .text.nrfx_usbd_ep_abort
                0x0000237c        0x4 _build/nrf52840_xxaa/nrfx_usbd.c.o
                0x0000237c                nrfx_usbd_ep_abort
 .text.ev_setup_handler
                0x00002380       0x6c _build/nrf52840_xxaa/nrfx_usbd.c.o
 .text.USBD_IRQHandler
                0x000023ec      0x198 _build/nrf52840_xxaa/nrfx_usbd.c.o
                0x000023ec                USBD_IRQHandler
 .text.usbd_ep_abort_all
                0x00002584       0x50 _build/nrf52840_xxaa/nrfx_usbd.c.o
 .text.nrfx_usbd_stop
                0x000025d4       0x3c _build/nrf52840_xxaa/nrfx_usbd.c.o
                0x000025d4                nrfx_usbd_stop
 .text.nrfx_usbd_disable
                0x00002610       0x34 _build/nrf52840_xxaa/nrfx_usbd.c.o
                0x00002610                nrfx_usbd_disable
 .text.nrfx_usbd_suspend
                0x00002644       0x48 _build/nrf52840_xxaa/nrfx_usbd.c.o
                0x00002644                nrfx_usbd_suspend
 .text.nrfx_usbd_ep_disable
                0x0000268c       0x64 _build/nrf52840_xxaa/nrfx_usbd.c.o
                0x0000268c                nrfx_usbd_ep_disable
 .text.nrfx_usbd_ep_enable
                0x000026f0       0xa8 _build/nrf52840_xxaa/nrfx_usbd.c.o
                0x000026f0                nrfx_usbd_ep_enable
 .text.nrfx_usbd_ep_stall_clear
                0x00002798       0x28 _build/nrf52840_xxaa/nrfx_usbd.c.o
                0x00002798                nrfx_usbd_ep_stall_clear
 .text.nrfx_atomic_u32_fetch_and
                0x000027c0       0x18 _build/nrf52840_xxaa/nrfx_atomic.c.o
                0x000027c0                nrfx_atomic_u32_fetch_and
 .text.nrfx_systick_delay_ticks
                0x000027d8       0x14 _build/nrf52840_xxaa/nrfx_systick.c.o
                0x000027d8                nrfx_systick_delay_ticks
 .text.nrfx_systick_delay_us
                0x000027ec       0x18 _build/nrf52840_xxaa/nrfx_systick.c.o
                0x000027ec                nrfx_systick_delay_us
 .text.nrfx_clock_init
                0x00002804       0x18 _build/nrf52840_xxaa/nrfx_clock.c.o
                0x00002804                nrfx_clock_init
 .text.nrfx_clock_enable
                0x0000281c       0x2c _build/nrf52840_xxaa/nrfx_clock.c.o
                0x0000281c                nrfx_clock_enable
 .text.nrfx_clock_lfclk_start
                0x00002848       0x22 _build/nrf52840_xxaa/nrfx_clock.c.o
                0x00002848                nrfx_clock_lfclk_start
 .text.nrfx_clock_hfclk_start
                0x0000286a       0x20 _build/nrf52840_xxaa/nrfx_clock.c.o
                0x0000286a                nrfx_clock_hfclk_start
 *fill*         0x0000288a        0x2 
 .text.nrfx_clock_hfclk_stop
                0x0000288c       0x24 _build/nrf52840_xxaa/nrfx_clock.c.o
                0x0000288c                nrfx_clock_hfclk_stop
 .text.nrfx_clock_irq_handler
                0x000028b0       0x64 _build/nrf52840_xxaa/nrfx_clock.c.o
                0x000028b0                nrfx_clock_irq_handler
 .text.nrf_power_event_get_and_clear
                0x00002914       0x20 _build/nrf52840_xxaa/nrfx_power.c.o
 .text.nrfx_power_init
                0x00002934       0x44 _build/nrf52840_xxaa/nrfx_power.c.o
                0x00002934                nrfx_power_init
 .text.nrfx_power_usbevt_init
                0x00002978        0xc _build/nrf52840_xxaa/nrfx_power.c.o
                0x00002978                nrfx_power_usbevt_init
 .text.nrfx_power_usbevt_enable
                0x00002984        0xe _build/nrf52840_xxaa/nrfx_power.c.o
                0x00002984                nrfx_power_usbevt_enable
 .text.nrfx_power_usbevt_disable
                0x00002992        0xe _build/nrf52840_xxaa/nrfx_power.c.o
                0x00002992                nrfx_power_usbevt_disable
 .text.nrfx_power_usbevt_uninit
                0x000029a0        0xc _build/nrf52840_xxaa/nrfx_power.c.o
                0x000029a0                nrfx_power_usbevt_uninit
 .text.nrfx_power_irq_handler
                0x000029ac       0xa0 _build/nrf52840_xxaa/nrfx_power.c.o
                0x000029ac                nrfx_power_irq_handler
 .text.POWER_CLOCK_IRQHandler
                0x00002a4c        0xe _build/nrf52840_xxaa/nrfx_power.c.o
                0x00002a4c                POWER_CLOCK_IRQHandler
 *fill*         0x00002a5a        0x2 
 .text.hopping_csa2_permutation
                0x00002a5c       0x48 _build/nrf52840_xxaa/hopping.c.o
 .text.hopping_init
                0x00002aa4       0x28 _build/nrf52840_xxaa/hopping.c.o
                0x00002aa4                hopping_init
 .text.hopping_set_channel_map
                0x00002acc       0x5c _build/nrf52840_xxaa/hopping.c.o
                0x00002acc                hopping_set_channel_map
 .text.hopping_csa1_set_hop_increment
                0x00002b28       0x20 _build/nrf52840_xxaa/hopping.c.o
                0x00002b28                hopping_csa1_set_hop_increment
 .text.hopping_csa1_get_next_channel
                0x00002b48       0x58 _build/nrf52840_xxaa/hopping.c.o
                0x00002b48                hopping_csa1_get_next_channel
 .text.hopping_csa2_set_access_address
                0x00002ba0       0x24 _build/nrf52840_xxaa/hopping.c.o
                0x00002ba0                hopping_csa2_set_access_address
 .text.hopping_csa2_get_channel_for_counter
                0x00002bc4       0x7c _build/nrf52840_xxaa/hopping.c.o
                0x00002bc4                hopping_csa2_get_channel_for_counter
 .text.queue_init
                0x00002c40        0x8 _build/nrf52840_xxaa/queue.c.o
                0x00002c40                queue_init
 .text.queue_peek
                0x00002c48       0x38 _build/nrf52840_xxaa/queue.c.o
                0x00002c48                queue_peek
 .text.queue_get
                0x00002c80       0x3c _build/nrf52840_xxaa/queue.c.o
                0x00002c80                queue_get
 .text.queue_alloc
                0x00002cbc       0x38 _build/nrf52840_xxaa/queue.c.o
                0x00002cbc                queue_alloc
 .text.queue_put
                0x00002cf4       0x3c _build/nrf52840_xxaa/queue.c.o
                0x00002cf4                queue_put
 .text.queue_getSize
                0x00002d30        0x8 _build/nrf52840_xxaa/queue.c.o
                0x00002d30                queue_getSize
 .text.queue_full
                0x00002d38       0x12 _build/nrf52840_xxaa/queue.c.o
                0x00002d38                queue_full
 *fill*         0x00002d4a        0x2 
 .text.abort_following
                0x00002d4c       0x24 _build/nrf52840_xxaa/main.c.o
 .text.insert_terminate_message
                0x00002d70       0x40 _build/nrf52840_xxaa/main.c.o
 .text.insert_log_message
                0x00002db0       0x48 _build/nrf52840_xxaa/main.c.o
 .text.sync_hop_channel
                0x00002df8      0x190 _build/nrf52840_xxaa/main.c.o
 .text.RADIO_IRQHandler
                0x00002f88      0x3f4 _build/nrf52840_xxaa/main.c.o
                0x00002f88                RADIO_IRQHandler
 .text.startup.main
                0x0000337c      0x258 _build/nrf52840_xxaa/main.c.o
                0x0000337c                main
 .text.cdc_acm_process_and_prepare_buffer
                0x000035d4       0x3c _build/nrf52840_xxaa/transport_usbd.c.o
 .text.cdc_acm_user_ev_handler
                0x00003610       0xb0 _build/nrf52840_xxaa/transport_usbd.c.o
 .text.usbd_user_ev_handler
                0x000036c0       0x68 _build/nrf52840_xxaa/transport_usbd.c.o
 .text.app_error_fault_handler
                0x00003728       0x48 _build/nrf52840_xxaa/transport_usbd.c.o
                0x00003728                app_error_fault_handler
 .text.transport_init
                0x00003770       0x54 _build/nrf52840_xxaa/transport_usbd.c.o
                0x00003770                transport_init
 .text.transport_isready
                0x000037c4       0x1c _build/nrf52840_xxaa/transport_usbd.c.o
                0x000037c4                transport_isready
 .text.transport_read
                0x000037e0       0x34 _build/nrf52840_xxaa/transport_usbd.c.o
                0x000037e0                transport_read
 .text.transport_write
                0x00003814       0x30 _build/nrf52840_xxaa/transport_usbd.c.o
                0x00003814                transport_write
 .text.channel_to_freq
                0x00003844       0x26 _build/nrf52840_xxaa/radio.c.o
 *fill*         0x0000386a        0x2 
 .text.radio_disable
                0x0000386c       0x2c _build/nrf52840_xxaa/radio.c.o
                0x0000386c                radio_disable
 .text.radio_init
                0x00003898       0x6c _build/nrf52840_xxaa/radio.c.o
                0x00003898                radio_init
 .text.radio_follow_conn
                0x00003904       0x58 _build/nrf52840_xxaa/radio.c.o
                0x00003904                radio_follow_conn
 .text.radio_set_channel_fast
                0x0000395c       0x38 _build/nrf52840_xxaa/radio.c.o
                0x0000395c                radio_set_channel_fast
 .text.radio_filter_disable
                0x00003994       0x14 _build/nrf52840_xxaa/radio.c.o
                0x00003994                radio_filter_disable
 .text.timer_get_timestamp
                0x000039a8       0x18 _build/nrf52840_xxaa/timer.c.o
                0x000039a8                timer_get_timestamp
 .text.TIMER0_IRQHandler
                0x000039c0       0xa8 _build/nrf52840_xxaa/timer.c.o
                0x000039c0                TIMER0_IRQHandler
 .text.timer_init
                0x00003a68       0x60 _build/nrf52840_xxaa/timer.c.o
                0x00003a68                timer_init
 .text.timer_create
                0x00003ac8       0x54 _build/nrf52840_xxaa/timer.c.o
                0x00003ac8                timer_create
 .text.timer_start_absolut
                0x00003b1c       0x68 _build/nrf52840_xxaa/timer.c.o
                0x00003b1c                timer_start_absolut
 .text.timer_stop
                0x00003b84       0x3c _build/nrf52840_xxaa/timer.c.o
                0x00003b84                timer_stop
 .text.queue_utilization_get
                0x00003bc0       0x18 _build/nrf52840_xxaa/nrf_queue.c.o
 .text.queue_read
                0x00003bd8       0x62 _build/nrf52840_xxaa/nrf_queue.c.o
 .text.nrf_queue_out
                0x00003c3a       0x30 _build/nrf52840_xxaa/nrf_queue.c.o
                0x00003c3a                nrf_queue_out
 .text.nrf_queue_reset
                0x00003c6a       0x1e _build/nrf52840_xxaa/nrf_queue.c.o
                0x00003c6a                nrf_queue_reset
 .text.nrf_queue_utilization_get
                0x00003c88       0x1c _build/nrf52840_xxaa/nrf_queue.c.o
                0x00003c88                nrf_queue_utilization_get
 .text.nrf_queue_is_empty
                0x00003ca4        0xe _build/nrf52840_xxaa/nrf_queue.c.o
                0x00003ca4                nrf_queue_is_empty
 .text.nrf_queue_available_get
                0x00003cb2        0xc _build/nrf52840_xxaa/nrf_queue.c.o
                0x00003cb2                nrf_queue_available_get
 .text.queue_write
                0x00003cbe       0x96 _build/nrf52840_xxaa/nrf_queue.c.o
 .text.nrf_queue_in
                0x00003d54       0x3e _build/nrf52840_xxaa/nrf_queue.c.o
                0x00003d54                nrf_queue_in
 .text.class_event_handler
                0x00003d92        0x6 _build/nrf52840_xxaa/app_usbd.c.o
 .text.user_event_state_proc
                0x00003d98       0x10 _build/nrf52840_xxaa/app_usbd.c.o
 .text.app_usbd_ep_conf_access
                0x00003da8       0x1c _build/nrf52840_xxaa/app_usbd.c.o
 .text.app_usbd_ep_instance_set
                0x00003dc4       0x12 _build/nrf52840_xxaa/app_usbd.c.o
 *fill*         0x00003dd6        0x2 
 .text.app_usbd_core_handler_call.isra.0
                0x00003dd8       0x10 _build/nrf52840_xxaa/app_usbd.c.o
 .text.sustate_set
                0x00003de8       0x6c _build/nrf52840_xxaa/app_usbd.c.o
 .text.app_usbd_event_add
                0x00003e54       0xd4 _build/nrf52840_xxaa/app_usbd.c.o
 .text.app_usbd_event_handler
                0x00003f28        0x4 _build/nrf52840_xxaa/app_usbd.c.o
 .text.app_usbd_power_event_handler
                0x00003f2c       0x28 _build/nrf52840_xxaa/app_usbd.c.o
 .text.app_usbd_hfclk_ready
                0x00003f54        0xc _build/nrf52840_xxaa/app_usbd.c.o
 .text.app_usbd_class_descriptor_find
                0x00003f60       0xa8 _build/nrf52840_xxaa/app_usbd.c.o
                0x00003f60                app_usbd_class_descriptor_find
 .text.app_usbd_init
                0x00004008       0xe8 _build/nrf52840_xxaa/app_usbd.c.o
                0x00004008                app_usbd_init
 .text.app_usbd_power_events_enable
                0x000040f0       0x2c _build/nrf52840_xxaa/app_usbd.c.o
                0x000040f0                app_usbd_power_events_enable
 .text.app_usbd_enable
                0x0000411c        0x4 _build/nrf52840_xxaa/app_usbd.c.o
                0x0000411c                app_usbd_enable
 .text.app_usbd_disable
                0x00004120        0x4 _build/nrf52840_xxaa/app_usbd.c.o
                0x00004120                app_usbd_disable
 .text.app_usbd_start
                0x00004124       0x20 _build/nrf52840_xxaa/app_usbd.c.o
                0x00004124                app_usbd_start
 .text.app_usbd_class_append
                0x00004144       0x9c _build/nrf52840_xxaa/app_usbd.c.o
                0x00004144                app_usbd_class_append
 .text.app_usbd_class_rwu_enabled_check
                0x000041e0       0x10 _build/nrf52840_xxaa/app_usbd.c.o
                0x000041e0                app_usbd_class_rwu_enabled_check
 .text.app_usbd_ep_enable
                0x000041f0       0x1c _build/nrf52840_xxaa/app_usbd.c.o
                0x000041f0                app_usbd_ep_enable
 .text.app_usbd_ep_disable
                0x0000420c        0x4 _build/nrf52840_xxaa/app_usbd.c.o
                0x0000420c                app_usbd_ep_disable
 .text.app_usbd_class_first_get
                0x00004210        0xc _build/nrf52840_xxaa/app_usbd.c.o
                0x00004210                app_usbd_class_first_get
 .text.app_usbd_iface_find
                0x0000421c       0x30 _build/nrf52840_xxaa/app_usbd.c.o
                0x0000421c                app_usbd_iface_find
 .text.app_usbd_iface_call
                0x0000424c        0x6 _build/nrf52840_xxaa/app_usbd.c.o
                0x0000424c                app_usbd_iface_call
 .text.app_usbd_ep_call
                0x00004252       0x1e _build/nrf52840_xxaa/app_usbd.c.o
                0x00004252                app_usbd_ep_call
 .text.app_usbd_all_call
                0x00004270       0x1c _build/nrf52840_xxaa/app_usbd.c.o
                0x00004270                app_usbd_all_call
 .text.app_usbd_all_until_served_call
                0x0000428c       0x24 _build/nrf52840_xxaa/app_usbd.c.o
                0x0000428c                app_usbd_all_until_served_call
 .text.app_usbd_ep_transfer
                0x000042b0       0x28 _build/nrf52840_xxaa/app_usbd.c.o
                0x000042b0                app_usbd_ep_transfer
 .text.app_usbd_ep_handled_transfer
                0x000042d8       0x28 _build/nrf52840_xxaa/app_usbd.c.o
                0x000042d8                app_usbd_ep_handled_transfer
 .text.app_usbd_iface_select
                0x00004300       0x54 _build/nrf52840_xxaa/app_usbd.c.o
                0x00004300                app_usbd_iface_select
 .text.app_usbd_iface_deselect
                0x00004354       0x48 _build/nrf52840_xxaa/app_usbd.c.o
                0x00004354                app_usbd_iface_deselect
 .text.app_usbd_iface_selection_get
                0x0000439c        0xc _build/nrf52840_xxaa/app_usbd.c.o
                0x0000439c                app_usbd_iface_selection_get
 .text.app_usbd_all_iface_select_0
                0x000043a8       0x28 _build/nrf52840_xxaa/app_usbd.c.o
                0x000043a8                app_usbd_all_iface_select_0
 .text.app_usbd_all_iface_deselect
                0x000043d0       0x28 _build/nrf52840_xxaa/app_usbd.c.o
                0x000043d0                app_usbd_all_iface_deselect
 .text.app_usbd_event_execute
                0x000043f8      0x234 _build/nrf52840_xxaa/app_usbd.c.o
                0x000043f8                app_usbd_event_execute
 .text.app_usbd_event_queue_process
                0x0000462c       0xa0 _build/nrf52840_xxaa/app_usbd.c.o
                0x0000462c                app_usbd_event_queue_process
 .text.user_event_handler
                0x000046cc        0x8 _build/nrf52840_xxaa/app_usbd_cdc_acm.c.o
 .text.cdc_acm_reset_port
                0x000046d4       0x1a _build/nrf52840_xxaa/app_usbd_cdc_acm.c.o
 .text.cdc_acm_single_shoot_consumer
                0x000046ee       0x1e _build/nrf52840_xxaa/app_usbd_cdc_acm.c.o
 .text.cdc_acm_req_out_data_cb
                0x0000470c       0x26 _build/nrf52840_xxaa/app_usbd_cdc_acm.c.o
 .text.cdc_acm_consumer
                0x00004732       0x30 _build/nrf52840_xxaa/app_usbd_cdc_acm.c.o
 *fill*         0x00004762        0x2 
 .text.cdc_acm_feed_descriptors
                0x00004764      0x67c _build/nrf52840_xxaa/app_usbd_cdc_acm.c.o
 .text.data_ep_out_addr_get
                0x00004de0       0x20 _build/nrf52840_xxaa/app_usbd_cdc_acm.c.o
 .text.cdc_acm_event_handler
                0x00004e00      0x29c _build/nrf52840_xxaa/app_usbd_cdc_acm.c.o
 .text.app_usbd_cdc_acm_write
                0x0000509c       0x42 _build/nrf52840_xxaa/app_usbd_cdc_acm.c.o
                0x0000509c                app_usbd_cdc_acm_write
 .text.app_usbd_cdc_acm_rx_size
                0x000050de        0x8 _build/nrf52840_xxaa/app_usbd_cdc_acm.c.o
                0x000050de                app_usbd_cdc_acm_rx_size
 *fill*         0x000050e6        0x2 
 .text.app_usbd_cdc_acm_read_any
                0x000050e8       0x64 _build/nrf52840_xxaa/app_usbd_cdc_acm.c.o
                0x000050e8                app_usbd_cdc_acm_read_any
 .text.setup_data_handler_empty
                0x0000514c        0x4 _build/nrf52840_xxaa/app_usbd_core.c.o
 .text.usbd_descriptor_conf_feeder
                0x00005150       0xea _build/nrf52840_xxaa/app_usbd_core.c.o
 *fill*         0x0000523a        0x2 
 .text.usbd_core_state_set
                0x0000523c       0x30 _build/nrf52840_xxaa/app_usbd_core.c.o
 .text.app_usbd_core_ep0_enable
                0x0000526c       0x12 _build/nrf52840_xxaa/app_usbd_core.c.o
                0x0000526c                app_usbd_core_ep0_enable
 .text.app_usbd_core_ep0_disable
                0x0000527e       0x12 _build/nrf52840_xxaa/app_usbd_core.c.o
                0x0000527e                app_usbd_core_ep0_disable
 .text.app_usbd_core_setup_data_handler_set
                0x00005290       0x24 _build/nrf52840_xxaa/app_usbd_core.c.o
                0x00005290                app_usbd_core_setup_data_handler_set
 .text.app_usbd_core_setup_rsp
                0x000052b4       0x60 _build/nrf52840_xxaa/app_usbd_core.c.o
                0x000052b4                app_usbd_core_setup_rsp
 .text.app_usbd_core_event_handler
                0x00005314      0x44c _build/nrf52840_xxaa/app_usbd_core.c.o
 .text.app_usbd_core_setup_transfer_buff_get
                0x00005760       0x10 _build/nrf52840_xxaa/app_usbd_core.c.o
                0x00005760                app_usbd_core_setup_transfer_buff_get
 .text.app_usbd_serial_num_generate
                0x00005770       0x50 _build/nrf52840_xxaa/app_usbd_serial_num.c.o
                0x00005770                app_usbd_serial_num_generate
 .text.app_usbd_prepare_string.constprop.0
                0x000057c0       0x40 _build/nrf52840_xxaa/app_usbd_string_desc.c.o
 .text.app_usbd_string_desc_get
                0x00005800       0x28 _build/nrf52840_xxaa/app_usbd_string_desc.c.o
                0x00005800                app_usbd_string_desc_get
 .text.app_util_disable_irq
                0x00005828       0x10 _build/nrf52840_xxaa/app_util_platform.c.o
                0x00005828                app_util_disable_irq
 .text.app_util_enable_irq
                0x00005838       0x14 _build/nrf52840_xxaa/app_util_platform.c.o
                0x00005838                app_util_enable_irq
 .text.app_util_critical_region_enter
                0x0000584c        0x4 _build/nrf52840_xxaa/app_util_platform.c.o
                0x0000584c                app_util_critical_region_enter
 .text.app_util_critical_region_exit
                0x00005850        0x4 _build/nrf52840_xxaa/app_util_platform.c.o
                0x00005850                app_util_critical_region_exit
 .text.app_error_handler_bare
                0x00005854       0x1a _build/nrf52840_xxaa/app_error.c.o
                0x00005854                app_error_handler_bare
 .text.nrf_atfifo_init
                0x0000586e       0x26 _build/nrf52840_xxaa/nrf_atfifo.c.o
                0x0000586e                nrf_atfifo_init
 .text.nrf_atfifo_item_alloc
                0x00005894       0x54 _build/nrf52840_xxaa/nrf_atfifo.c.o
                0x00005894                nrf_atfifo_item_alloc
 .text.nrf_atfifo_item_put
                0x000058e8       0x20 _build/nrf52840_xxaa/nrf_atfifo.c.o
                0x000058e8                nrf_atfifo_item_put
 .text.nrf_atfifo_item_get
                0x00005908       0x56 _build/nrf52840_xxaa/nrf_atfifo.c.o
                0x00005908                nrf_atfifo_item_get
 .text.nrf_atfifo_item_free
                0x0000595e       0x20 _build/nrf52840_xxaa/nrf_atfifo.c.o
                0x0000595e                nrf_atfifo_item_free
 .text.nrf_atomic_u32_fetch_store
                0x0000597e       0x16 _build/nrf52840_xxaa/nrf_atomic.c.o
                0x0000597e                nrf_atomic_u32_fetch_store
 .text.nrf_atomic_u32_fetch_and
                0x00005994       0x18 _build/nrf52840_xxaa/nrf_atomic.c.o
                0x00005994                nrf_atomic_u32_fetch_and
 .text.nrf_atomic_u32_add
                0x000059ac       0x18 _build/nrf52840_xxaa/nrf_atomic.c.o
                0x000059ac                nrf_atomic_u32_add
 .text.nrf_atomic_u32_sub_hs
                0x000059c4       0x1c _build/nrf52840_xxaa/nrf_atomic.c.o
                0x000059c4                nrf_atomic_u32_sub_hs
 .text.nrf_atomic_flag_clear_fetch
                0x000059e0        0x6 _build/nrf52840_xxaa/nrf_atomic.c.o
                0x000059e0                nrf_atomic_flag_clear_fetch
 *fill*         0x000059e6        0x2 
 .text.clock_clk_started_notify
                0x000059e8       0x24 _build/nrf52840_xxaa/nrf_drv_clock.c.o
 .text.clock_irq_handler
                0x00005a0c       0x1c _build/nrf52840_xxaa/nrf_drv_clock.c.o
 .text.nrf_drv_clock_init
                0x00005a28       0x30 _build/nrf52840_xxaa/nrf_drv_clock.c.o
                0x00005a28                nrf_drv_clock_init
 .text.nrf_drv_clock_lfclk_request
                0x00005a58       0x54 _build/nrf52840_xxaa/nrf_drv_clock.c.o
                0x00005a58                nrf_drv_clock_lfclk_request
 .text.nrf_drv_clock_lfclk_is_running
                0x00005aac        0xe _build/nrf52840_xxaa/nrf_drv_clock.c.o
                0x00005aac                nrf_drv_clock_lfclk_is_running
 *fill*         0x00005aba        0x2 
 .text.nrf_drv_clock_hfclk_request
                0x00005abc       0x54 _build/nrf52840_xxaa/nrf_drv_clock.c.o
                0x00005abc                nrf_drv_clock_hfclk_request
 .text.nrf_drv_clock_hfclk_release
                0x00005b10       0x28 _build/nrf52840_xxaa/nrf_drv_clock.c.o
                0x00005b10                nrf_drv_clock_hfclk_release
 .text.nrf_drv_power_init
                0x00005b38       0x28 _build/nrf52840_xxaa/nrf_drv_power.c.o
                0x00005b38                nrf_drv_power_init
 .text.nrf_drv_power_usbevt_uninit
                0x00005b60        0xe _build/nrf52840_xxaa/nrf_drv_power.c.o
                0x00005b60                nrf_drv_power_usbevt_uninit
 .text.nrf_drv_power_usbevt_init
                0x00005b6e       0x16 _build/nrf52840_xxaa/nrf_drv_power.c.o
                0x00005b6e                nrf_drv_power_usbevt_init
 .text          0x00005b84       0x4c /usr/lib/gcc/arm-none-eabi/13.2.1/../../../arm-none-eabi/lib/thumb/v7e-m+fp/hard/libc_nano.a(libc_a-assert.o)
                0x00005b84                __assert_func
                0x00005bc4                __assert
 .text          0x00005bd0       0xbc /usr/lib/gcc/arm-none-eabi/13.2.1/../../../arm-none-eabi/lib/thumb/v7e-m+fp/hard/libc_nano.a(libc_a-strcpy.o)
                0x00005bd0                strcpy
 .text          0x00005c8c       0x50 /usr/lib/gcc/arm-none-eabi/13.2.1/../../../arm-none-eabi/lib/thumb/v7e-m+fp/hard/libc_nano.a(libc_a-init.o)
                0x00005c8c                __libc_init_array
 .text          0x00005cdc       0x10 /usr/lib/gcc/arm-none-eabi/13.2.1/../../../arm-none-eabi/lib/thumb/v7e-m+fp/hard/libc_nano.a(libc_a-abort.o)
                0x00005cdc                abort
 *fill*         0x00005cec       0x14 
 .text          0x00005d00       0xd8 /usr/lib/gcc/arm-none-eabi/13.2.1/../../../arm-none-eabi/lib/thumb/v7e-m+fp/hard/libc_nano.a(libc_a-strlen.o)
                0x00005d00                strlen
 .text          0x00005dd8       0xa4 /usr/lib/gcc/arm-none-eabi/13.2.1/../../../arm-none-eabi/lib/thumb/v7e-m+fp/hard/libc_nano.a(libc_a-memset.o)
                0x00005dd8                memset
 .text          0x00005e7c      0x134 /usr/lib/gcc/arm-none-eabi/13.2.1/../../../arm-none-eabi/lib/thumb/v7e-m+fp/hard/libc_nano.a(libc_a-memcpy.o)
                0x00005e7c                memcpy
 .text          0x00005fb0       0x44 /usr/lib/gcc/arm-none-eabi/13.2.1/../../../arm-none-eabi/lib/thumb/v7e-m+fp/hard/libc_nano.a(libc_a-fprintf.o)
                0x00005fb0                _fprintf_r
                0x00005fb0                _fiprintf_r
                0x00005fcc                fprintf
                0x00005fcc                fiprintf
 .text          0x00005ff4       0x24 /usr/lib/gcc/arm-none-eabi/13.2.1/../../../arm-none-eabi/lib/thumb/v7e-m+fp/hard/libc_nano.a(libc_a-exit.o)
                0x00005ff4                exit
 .text          0x00006018        0xc /usr/lib/gcc/arm-none-eabi/13.2.1/../../../arm-none-eabi/lib/thumb/v7e-m+fp/hard/libc_nano.a(libc_a-atexit.o)
                0x00006018                atexit
 .text          0x00006024      0x114 /usr/lib/gcc/arm-none-eabi/13.2.1/../../../arm-none-eabi/lib/thumb/v7e-m+fp/hard/libc_nano.a(libc_a-snprintf.o)
                0x00006024                _sniprintf_r
                0x00006024                _snprintf_r
                0x000060a8                snprintf
                0x000060a8                sniprintf
 .text          0x00006138       0x5c /usr/lib/gcc/arm-none-eabi/13.2.1/../../../arm-none-eabi/lib/thumb/v7e-m+fp/hard/libc_nano.a(libc_a-memcmp.o)
                0x00006138                memcmp
 .text          0x00006194      0x314 /usr/lib/gcc/arm-none-eabi/13.2.1/../../../arm-none-eabi/lib/thumb/v7e-m+fp/hard/libc_nano.a(libc_a-nano-vfprintf.o)
                0x000061d0                __sfputs_r
                0x00006200                __sprint_r
                0x00006220                _vfiprintf_r
                0x00006220                _vfprintf_r
                0x0000648c                vfiprintf
                0x0000648c                vfprintf
 .text          0x000064a8       0x28 /usr/lib/gcc/arm-none-eabi/13.2.1/../../../arm-none-eabi/lib/thumb/v7e-m+fp/hard/libc_nano.a(libc_a-fini.o)
                0x000064a8                __libc_fini_array
 .text          0x000064d0       0xa0 /usr/lib/gcc/arm-none-eabi/13.2.1/../../../arm-none-eabi/lib/thumb/v7e-m+fp/hard/libc_nano.a(libc_a-wbuf.o)
                0x000064d0                __swbuf_r
                0x00006558                __swbuf
 .text          0x00006570      0x400 /usr/lib/gcc/arm-none-eabi/13.2.1/../../../arm-none-eabi/lib/thumb/v7e-m+fp/hard/libc_nano.a(libc_a-nano-svfprintf.o)
                0x00006570                __ssputs_r
                0x00006630                __ssprint_r
                0x00006738                _svfprintf_r
                0x00006738                _svfiprintf_r
 .text          0x00006970      0x300 /usr/lib/gcc/arm-none-eabi/13.2.1/../../../arm-none-eabi/lib/thumb/v7e-m+fp/hard/libc_nano.a(libc_a-fvwrite.o)
                0x00006970                __sfvwrite_r
 .text          0x00006c70      0x260 /usr/lib/gcc/arm-none-eabi/13.2.1/../../../arm-none-eabi/lib/thumb/v7e-m+fp/hard/libc_nano.a(libc_a-signal.o)
                0x00006c70                _init_signal_r
                0x00006c9c                _signal_r
                0x00006ce8                _raise_r
                0x00006d38                __sigtramp_r
                0x00006d98                raise
                0x00006dec                signal
                0x00006e38                _init_signal
                0x00006e6c                __sigtramp
 .text          0x00006ed0      0x224 /usr/lib/gcc/arm-none-eabi/13.2.1/../../../arm-none-eabi/lib/thumb/v7e-m+fp/hard/libc_nano.a(libc_a-findfp.o)
                0x00007000                __sfp
                0x000070a4                __sinit
                0x000070c4                __sfp_lock_acquire
                0x000070c8                __sfp_lock_release
                0x000070cc                __fp_lock_all
                0x000070e0                __fp_unlock_all
 .text          0x000070f4      0x1a8 /usr/lib/gcc/arm-none-eabi/13.2.1/../../../arm-none-eabi/lib/thumb/v7e-m+fp/hard/libc_nano.a(libc_a-fflush.o)
                0x000070f4                __sflush_r
                0x00007218                _fflush_r
                0x00007250                fflush
 .text          0x0000729c      0x148 /usr/lib/gcc/arm-none-eabi/13.2.1/../../../arm-none-eabi/lib/thumb/v7e-m+fp/hard/libc_nano.a(libc_a-mallocr.o)
                0x000072e4                _malloc_r
 .text          0x000073e4       0xbc /usr/lib/gcc/arm-none-eabi/13.2.1/../../../arm-none-eabi/lib/thumb/v7e-m+fp/hard/libc_nano.a(libc_a-freer.o)
                0x000073e4                _free_r
 .text          0x000074a0      0x100 /usr/lib/gcc/arm-none-eabi/13.2.1/../../../arm-none-eabi/lib/thumb/v7e-m+fp/hard/libc_nano.a(libc_a-memmove.o)
                0x000074a0                memmove
 .text          0x000075a0       0x44 /usr/lib/gcc/arm-none-eabi/13.2.1/../../../arm-none-eabi/lib/thumb/v7e-m+fp/hard/libc_nano.a(libc_a-fwalk.o)
                0x000075a0                _fwalk_sglue
 *fill*         0x000075e4        0xc 
 .text          0x000075f0       0xa0 /usr/lib/gcc/arm-none-eabi/13.2.1/../../../arm-none-eabi/lib/thumb/v7e-m+fp/hard/libc_nano.a(libc_a-memchr.o)
                0x000075f0                memchr
 .text          0x00007690       0xc4 /usr/lib/gcc/arm-none-eabi/13.2.1/../../../arm-none-eabi/lib/thumb/v7e-m+fp/hard/libc_nano.a(libc_a-wsetup.o)
                0x00007690                __swsetup_r
 .text          0x00007754       0xac /usr/lib/gcc/arm-none-eabi/13.2.1/../../../arm-none-eabi/lib/thumb/v7e-m+fp/hard/libc_nano.a(libc_a-__atexit.o)
                0x00007754                __register_exitproc
 .text          0x00007800       0x64 /usr/lib/gcc/arm-none-eabi/13.2.1/../../../arm-none-eabi/lib/thumb/v7e-m+fp/hard/libc_nano.a(libc_a-reallocr.o)
                0x00007800                _realloc_r
 .text          0x00007864      0x3a8 /usr/lib/gcc/arm-none-eabi/13.2.1/../../../arm-none-eabi/lib/thumb/v7e-m+fp/hard/libc_nano.a(libc_a-nano-vfprintf_i.o)
                0x00007864                _printf_common
                0x00007988                _printf_i
 .text          0x00007c0c        0x8 /usr/lib/gcc/arm-none-eabi/13.2.1/../../../arm-none-eabi/lib/thumb/v7e-m+fp/hard/libc_nano.a(libc_a-mlock.o)
                0x00007c0c                __malloc_lock
                0x00007c10                __malloc_unlock
 .text          0x00007c14      0x114 /usr/lib/gcc/arm-none-eabi/13.2.1/../../../arm-none-eabi/lib/thumb/v7e-m+fp/hard/libc_nano.a(libc_a-makebuf.o)
                0x00007c14                __smakebuf_r
                0x00007cd8                __swhatbuf_r
 .text          0x00007d28       0x24 /usr/lib/gcc/arm-none-eabi/13.2.1/../../../arm-none-eabi/lib/thumb/v7e-m+fp/hard/libc_nano.a(libc_a-isattyr.o)
                0x00007d28                _isatty_r
 .text          0x00007d4c       0x24 /usr/lib/gcc/arm-none-eabi/13.2.1/../../../arm-none-eabi/lib/thumb/v7e-m+fp/hard/libc_nano.a(libc_a-sbrkr.o)
                0x00007d4c                _sbrk_r
 .text          0x00007d70       0x94 /usr/lib/gcc/arm-none-eabi/13.2.1/../../../arm-none-eabi/lib/thumb/v7e-m+fp/hard/libc_nano.a(libc_a-stdio.o)
                0x00007d70                __sread
                0x00007d94                __seofread
                0x00007d98                __swrite
                0x00007dd8                __sseek
                0x00007dfc                __sclose
 .text          0x00007e04       0x10 /usr/lib/gcc/arm-none-eabi/13.2.1/../../../arm-none-eabi/lib/thumb/v7e-m+fp/hard/libc_nano.a(libc_a-msizer.o)
                0x00007e04                _malloc_usable_size_r
 .text          0x00007e14       0x30 /usr/lib/gcc/arm-none-eabi/13.2.1/../../../arm-none-eabi/lib/thumb/v7e-m+fp/hard/libc_nano.a(libc_a-signalr.o)
                0x00007e14                _kill_r
                0x00007e40                _getpid_r
 .text          0x00007e44       0x24 /usr/lib/gcc/arm-none-eabi/13.2.1/../../../arm-none-eabi/lib/thumb/v7e-m+fp/hard/libc_nano.a(libc_a-closer.o)
                0x00007e44                _close_r
 .text          0x00007e68       0xc4 /usr/lib/gcc/arm-none-eabi/13.2.1/../../../arm-none-eabi/lib/thumb/v7e-m+fp/hard/libc_nano.a(libc_a-__call_atexit.o)
                0x00007e68                __call_exitprocs
 .text          0x00007f2c       0x2c /usr/lib/gcc/arm-none-eabi/13.2.1/../../../arm-none-eabi/lib/thumb/v7e-m+fp/hard/libc_nano.a(libc_a-readr.o)
                0x00007f2c                _read_r
 .text          0x00007f58       0x2c /usr/lib/gcc/arm-none-eabi/13.2.1/../../../arm-none-eabi/lib/thumb/v7e-m+fp/hard/libc_nano.a(libc_a-fstatr.o)
                0x00007f58                _fstat_r
 .text          0x00007f84       0x2c /usr/lib/gcc/arm-none-eabi/13.2.1/../../../arm-none-eabi/lib/thumb/v7e-m+fp/hard/libc_nano.a(libc_a-lseekr.o)
                0x00007f84                _lseek_r
 .text          0x00007fb0       0x2c /usr/lib/gcc/arm-none-eabi/13.2.1/../../../arm-none-eabi/lib/thumb/v7e-m+fp/hard/libc_nano.a(libc_a-writer.o)
                0x00007fb0                _write_r
 .text          0x00007fdc       0x10 /usr/lib/gcc/arm-none-eabi/13.2.1/../../../arm-none-eabi/lib/thumb/v7e-m+fp/hard/libnosys.a(close.o)
                0x00007fdc                _close
 .text          0x00007fec       0x10 /usr/lib/gcc/arm-none-eabi/13.2.1/../../../arm-none-eabi/lib/thumb/v7e-m+fp/hard/libnosys.a(fstat.o)
                0x00007fec                _fstat
 .text          0x00007ffc       0x10 /usr/lib/gcc/arm-none-eabi/13.2.1/../../../arm-none-eabi/lib/thumb/v7e-m+fp/hard/libnosys.a(getpid.o)
                0x00007ffc                _getpid
 .text          0x0000800c       0x10 /usr/lib/gcc/arm-none-eabi/13.2.1/../../../arm-none-eabi/lib/thumb/v7e-m+fp/hard/libnosys.a(isatty.o)
                0x0000800c                _isatty
 .text          0x0000801c       0x10 /usr/lib/gcc/arm-none-eabi/13.2.1/../../../arm-none-eabi/lib/thumb/v7e-m+fp/hard/libnosys.a(kill.o)
                0x0000801c                _kill
 .text          0x0000802c       0x10 /usr/lib/gcc/arm-none-eabi/13.2.1/../../../arm-none-eabi/lib/thumb/v7e-m+fp/hard/libnosys.a(lseek.o)
                0x0000802c                _lseek
 .text          0x0000803c       0x10 /usr/lib/gcc/arm-none-eabi/13.2.1/../../../arm-none-eabi/lib/thumb/v7e-m+fp/hard/libnosys.a(read.o)
                0x0000803c                _read
 .text          0x0000804c       0x1c /usr/lib/gcc/arm-none-eabi/13.2.1/../../../arm-none-eabi/lib/thumb/v7e-m+fp/hard/libnosys.a(sbrk.o)
                0x0000804c                _sbrk
 .text          0x00008068       0x10 /usr/lib/gcc/arm-none-eabi/13.2.1/../../../arm-none-eabi/lib/thumb/v7e-m+fp/hard/libnosys.a(write.o)
                0x00008068                _write
 .text          0x00008078        0x4 /usr/lib/gcc/arm-none-eabi/13.2.1/../../../arm-none-eabi/lib/thumb/v7e-m+fp/hard/libnosys.a(_exit.o)
                0x00008078                _exit
 *(.init)
 .init          0x0000807c        0x4 /usr/lib/gcc/arm-none-eabi/13.2.1/thumb/v7e-m+fp/hard/crti.o
                0x0000807c                _init
 .init          0x00008080        0x8 /usr/lib/gcc/arm-none-eabi/13.2.1/thumb/v7e-m+fp/hard/crtn.o
 *(.fini)
 .fini          0x00008088        0x4 /usr/lib/gcc/arm-none-eabi/13.2.1/thumb/v7e-m+fp/hard/crti.o
                0x00008088                _fini
 .fini          0x0000808c        0x8 /usr/lib/gcc/arm-none-eabi/13.2.1/thumb/v7e-m+fp/hard/crtn.o
 *crtbegin.o(.ctors)
 *crtbegin?.o(.ctors)
 *(EXCLUDE_FILE(*crtend.o *crtend?.o) .ctors)
 *(SORT_BY_NAME(.ctors.*))
 *(.ctors)
 *crtbegin.o(.dtors)
 *crtbegin?.o(.dtors)
 *(EXCLUDE_FILE(*crtend.o *crtend?.o) .dtors)
 *(SORT_BY_NAME(.dtors.*))
 *(.dtors)
 *(.rodata*)
 .rodata.epout_bitpos.0
                0x00008094        0x9 _build/nrf52840_xxaa/nrfx_usbd.c.o
 .rodata.epin_bitpos.1
                0x0000809d        0x9 _build/nrf52840_xxaa/nrfx_usbd.c.o
 .rodata.epout_endev.2
                0x000080a6       0x12 _build/nrf52840_xxaa/nrfx_usbd.c.o
 .rodata.epin_endev.3
                0x000080b8       0x12 _build/nrf52840_xxaa/nrfx_usbd.c.o
 *fill*         0x000080ca        0x2 
 .rodata.m_isr  0x000080cc       0x64 _build/nrf52840_xxaa/nrfx_usbd.c.o
 .rodata.hopping_init.str1.1
                0x00008130       0xd8 _build/nrf52840_xxaa/hopping.c.o
                                 0x1d (size before relaxing)
 .rodata.hopping_set_channel_map.str1.1
                0x00008208        0xc _build/nrf52840_xxaa/hopping.c.o
 .rodata.__func__.1
                0x00008208       0x25 _build/nrf52840_xxaa/hopping.c.o
 .rodata.__func__.2
                0x0000822d       0x20 _build/nrf52840_xxaa/hopping.c.o
 .rodata.__func__.3
                0x0000824d       0x1e _build/nrf52840_xxaa/hopping.c.o
 .rodata.__func__.4
                0x0000826b       0x1f _build/nrf52840_xxaa/hopping.c.o
 .rodata.__func__.5
                0x0000828a       0x18 _build/nrf52840_xxaa/hopping.c.o
 .rodata.__func__.6
                0x000082a2        0xd _build/nrf52840_xxaa/hopping.c.o
 .rodata.queue_peek.str1.1
                0x000082af       0x28 _build/nrf52840_xxaa/queue.c.o
 .rodata.queue_alloc.str1.1
                0x000082af       0x1f _build/nrf52840_xxaa/queue.c.o
 .rodata.__func__.0
                0x000082af        0xa _build/nrf52840_xxaa/queue.c.o
 .rodata.__func__.1
                0x000082b9        0xc _build/nrf52840_xxaa/queue.c.o
 .rodata.__func__.2
                0x000082c5        0xa _build/nrf52840_xxaa/queue.c.o
 .rodata.__func__.3
                0x000082cf        0xb _build/nrf52840_xxaa/queue.c.o
 .rodata.RADIO_IRQHandler.str1.1
                0x000082da       0x3e _build/nrf52840_xxaa/main.c.o
 .rodata.main.str1.1
                0x000082da       0x1f _build/nrf52840_xxaa/main.c.o
 .rodata.__func__.0
                0x000082da        0x5 _build/nrf52840_xxaa/main.c.o
 .rodata.__func__.1
                0x000082df       0x11 _build/nrf52840_xxaa/main.c.o
 .rodata.msgQ   0x000082f0        0x4 _build/nrf52840_xxaa/main.c.o
 .rodata.rxQ    0x000082f4        0x4 _build/nrf52840_xxaa/main.c.o
 .rodata.usbd_config.0
                0x000082f8        0xc _build/nrf52840_xxaa/transport_usbd.c.o
 *fill*         0x00008304        0xc 
 .rodata.delay_machine_code.1
                0x00008310        0x6 _build/nrf52840_xxaa/transport_usbd.c.o
 *fill*         0x00008316        0x2 
 .rodata.m_app_cdc_acm
                0x00008318       0x24 _build/nrf52840_xxaa/transport_usbd.c.o
                0x00008318                m_app_cdc_acm
 .rodata.evt_data.2
                0x0000833c        0x1 _build/nrf52840_xxaa/app_usbd.c.o
 .rodata.evt_data.4
                0x0000833d        0x1 _build/nrf52840_xxaa/app_usbd.c.o
 .rodata.evt_data.5
                0x0000833e        0x1 _build/nrf52840_xxaa/app_usbd.c.o
 .rodata.evt_data.6
                0x0000833f        0x1 _build/nrf52840_xxaa/app_usbd.c.o
 .rodata.evt_data.7
                0x00008340        0x1 _build/nrf52840_xxaa/app_usbd.c.o
 .rodata.evt_data.8
                0x00008341        0x1 _build/nrf52840_xxaa/app_usbd.c.o
 .rodata.ev.9   0x00008342        0x4 _build/nrf52840_xxaa/app_usbd.c.o
 .rodata.ev.10  0x00008346        0x4 _build/nrf52840_xxaa/app_usbd.c.o
 .rodata.ev.11  0x0000834a        0x4 _build/nrf52840_xxaa/app_usbd.c.o
 *fill*         0x0000834e        0x2 
 .rodata.config.12
                0x00008350        0x4 _build/nrf52840_xxaa/app_usbd.c.o
 .rodata.event_setaddress.13
                0x00008354        0x4 _build/nrf52840_xxaa/app_usbd.c.o
 .rodata.app_usbd_cdc_acm_class_methods
                0x00008358       0x14 _build/nrf52840_xxaa/app_usbd_cdc_acm.c.o
                0x00008358                app_usbd_cdc_acm_class_methods
 .rodata.evt_data.0
                0x0000836c        0x1 _build/nrf52840_xxaa/app_usbd_core.c.o
 *fill*         0x0000836d        0x3 
 .rodata.usbd_descriptor_feeder_desc
                0x00008370        0x8 _build/nrf52840_xxaa/app_usbd_core.c.o
 .rodata.m_setup_data_handler_empty_desc
                0x00008378        0x8 _build/nrf52840_xxaa/app_usbd_core.c.o
 .rodata.app_usbd_core_inst
                0x00008380       0x10 _build/nrf52840_xxaa/app_usbd_core.c.o
                0x00008380                app_usbd_core_inst
 .rodata.m_core_methods
                0x00008390       0x14 _build/nrf52840_xxaa/app_usbd_core.c.o
 .rodata.m_configuration_dsc
                0x000083a4        0x9 _build/nrf52840_xxaa/app_usbd_core.c.o
 .rodata.m_device_dsc
                0x000083ad       0x12 _build/nrf52840_xxaa/app_usbd_core.c.o
 .rodata.app_usbd_serial_num_generate.str1.1
                0x000083bf        0xb _build/nrf52840_xxaa/app_usbd_serial_num.c.o
 *fill*         0x000083bf        0x1 
 .rodata.m_string_dsc
                0x000083c0       0x18 _build/nrf52840_xxaa/app_usbd_string_desc.c.o
 .rodata.__compound_literal.5
                0x000083d8        0x7 _build/nrf52840_xxaa/app_usbd_string_desc.c.o
 .rodata.__compound_literal.4
                0x000083df       0x16 _build/nrf52840_xxaa/app_usbd_string_desc.c.o
 .rodata.__compound_literal.3
                0x000083f5       0x18 _build/nrf52840_xxaa/app_usbd_string_desc.c.o
 .rodata.__compound_literal.2
                0x0000840d       0x15 _build/nrf52840_xxaa/app_usbd_string_desc.c.o
 .rodata.__compound_literal.1
                0x00008422        0x6 _build/nrf52840_xxaa/app_usbd_string_desc.c.o
 .rodata.m_string_translation
                0x00008428        0x6 _build/nrf52840_xxaa/app_usbd_string_desc.c.o
 .rodata.m_drv_power_config_default
                0x0000842e        0x1 _build/nrf52840_xxaa/nrf_drv_power.c.o
 *fill*         0x0000842f        0x1 
 .rodata.str1.4
                0x00008430       0x79 /usr/lib/gcc/arm-none-eabi/13.2.1/../../../arm-none-eabi/lib/thumb/v7e-m+fp/hard/libc_nano.a(libc_a-assert.o)
                                 0x43 (size before relaxing)
 .rodata.str1.4
                0x000084a9       0x13 /usr/lib/gcc/arm-none-eabi/13.2.1/../../../arm-none-eabi/lib/thumb/v7e-m+fp/hard/libc_nano.a(libc_a-nano-vfprintf.o)
 .rodata.str1.4
                0x000084a9       0x13 /usr/lib/gcc/arm-none-eabi/13.2.1/../../../arm-none-eabi/lib/thumb/v7e-m+fp/hard/libc_nano.a(libc_a-nano-svfprintf.o)
 .rodata.str1.4
                0x000084a9       0x25 /usr/lib/gcc/arm-none-eabi/13.2.1/../../../arm-none-eabi/lib/thumb/v7e-m+fp/hard/libc_nano.a(libc_a-nano-vfprintf_i.o)
 *(.eh_frame*)
 *fill*         0x000084a9        0x3 
 .eh_frame      0x000084ac        0x0 /usr/lib/gcc/arm-none-eabi/13.2.1/thumb/v7e-m+fp/hard/crtbegin.o
 .eh_frame      0x000084ac       0x34 /usr/lib/gcc/arm-none-eabi/13.2.1/../../../arm-none-eabi/lib/thumb/v7e-m+fp/hard/libc_nano.a(libc_a-strlen.o)
 .eh_frame      0x000084e0       0x2c /usr/lib/gcc/arm-none-eabi/13.2.1/../../../arm-none-eabi/lib/thumb/v7e-m+fp/hard/libc_nano.a(libc_a-memcpy.o)
 .eh_frame      0x0000850c       0x50 /usr/lib/gcc/arm-none-eabi/13.2.1/../../../arm-none-eabi/lib/thumb/v7e-m+fp/hard/libc_nano.a(libc_a-memchr.o)
 .eh_frame      0x0000855c        0x4 /usr/lib/gcc/arm-none-eabi/13.2.1/thumb/v7e-m+fp/hard/crtend.o

.nrf_queue      0x00008560       0x14
 .nrf_queue     0x00008560       0x14 _build/nrf52840_xxaa/transport_usbd.c.o
                0x00008560                m_rx_queue

.glue_7         0x00008574        0x0
 .glue_7        0x00008574        0x0 linker stubs

.glue_7t        0x00008574        0x0
 .glue_7t       0x00008574        0x0 linker stubs

.vfp11_veneer   0x00008574        0x0
 .vfp11_veneer  0x00008574        0x0 linker stubs

.v4_bx          0x00008574        0x0
 .v4_bx         0x00008574        0x0 linker stubs

.iplt           0x00008574        0x0
 .iplt          0x00008574        0x0 /usr/lib/gcc/arm-none-eabi/13.2.1/thumb/v7e-m+fp/hard/crtbegin.o

.ARM.extab
 *(.ARM.extab* .gnu.linkonce.armextab.*)
                0x00008574                        __exidx_start = .

.ARM.exidx      0x00008574        0x8
 *(.ARM.exidx* .gnu.linkonce.armexidx.*)
 .ARM.exidx     0x00008574        0x8 /usr/lib/gcc/arm-none-eabi/13.2.1/../../../arm-none-eabi/lib/thumb/v7e-m+fp/hard/crt0.o
                                 0x10 (size before relaxing)
 .ARM.exidx     0x0000857c        0x0 /usr/lib/gcc/arm-none-eabi/13.2.1/../../../arm-none-eabi/lib/thumb/v7e-m+fp/hard/libc_nano.a(libc_a-strlen.o)
                                  0x8 (size before relaxing)
 .ARM.exidx     0x0000857c        0x0 /usr/lib/gcc/arm-none-eabi/13.2.1/../../../arm-none-eabi/lib/thumb/v7e-m+fp/hard/libc_nano.a(libc_a-memcpy.o)
                                  0x8 (size before relaxing)
 .ARM.exidx     0x0000857c        0x0 /usr/lib/gcc/arm-none-eabi/13.2.1/../../../arm-none-eabi/lib/thumb/v7e-m+fp/hard/libc_nano.a(libc_a-memchr.o)
                                  0x8 (size before relaxing)
                0x0000857c                        __exidx_end = .
                0x0000857c                        __etext = .

.rel.dyn        0x0000857c        0x0
 .rel.iplt      0x0000857c        0x0 /usr/lib/gcc/arm-none-eabi/13.2.1/thumb/v7e-m+fp/hard/crtbegin.o

.data           0x20000008     0x4b94 load address 0x0000857c
                0x20000008                        __data_start__ = .
 *(vtable)
 *(.data*)
 .data.SystemCoreClock
                0x20000008        0x4 _build/nrf52840_xxaa/system_nrf52840.c.o
                0x20000008                SystemCoreClock
 .data.__compound_literal.1
                0x2000000c      0x610 _build/nrf52840_xxaa/main.c.o
 .data.__compound_literal.0
                0x2000061c     0x4510 _build/nrf52840_xxaa/main.c.o
 .data.m_app_cdc_acm_ep
                0x20004b2c        0x1 _build/nrf52840_xxaa/transport_usbd.c.o
 *fill*         0x20004b2d        0x3 
 .data.clock_handler_item.3
                0x20004b30        0x8 _build/nrf52840_xxaa/app_usbd.c.o
 .data          0x20004b38       0x50 /usr/lib/gcc/arm-none-eabi/13.2.1/../../../arm-none-eabi/lib/thumb/v7e-m+fp/hard/libc_nano.a(libc_a-impure.o)
                0x20004b38                _impure_ptr
                0x20004b3c                _impure_data
 .data          0x20004b88        0xc /usr/lib/gcc/arm-none-eabi/13.2.1/../../../arm-none-eabi/lib/thumb/v7e-m+fp/hard/libc_nano.a(libc_a-findfp.o)
                0x20004b88                __sglue
                0x20004b94                        . = ALIGN (0x4)
                0x20004b94                        PROVIDE (__preinit_array_start = .)
 *(.preinit_array)
                0x20004b94                        PROVIDE (__preinit_array_end = .)
                0x20004b94                        . = ALIGN (0x4)
                0x20004b94                        PROVIDE (__init_array_start = .)
 *(SORT_BY_NAME(.init_array.*))
 *(.init_array)
 .init_array    0x20004b94        0x4 /usr/lib/gcc/arm-none-eabi/13.2.1/thumb/v7e-m+fp/hard/crtbegin.o
                0x20004b98                        PROVIDE (__init_array_end = .)
                0x20004b98                        . = ALIGN (0x4)
                0x20004b98                        PROVIDE (__fini_array_start = .)
 *(SORT_BY_NAME(.fini_array.*))
 *(.fini_array)
 .fini_array    0x20004b98        0x4 /usr/lib/gcc/arm-none-eabi/13.2.1/thumb/v7e-m+fp/hard/crtbegin.o
                0x20004b9c                        PROVIDE (__fini_array_end = .)
 *(.jcr*)
                0x20004b9c                        . = ALIGN (0x4)
                0x20004b9c                        __data_end__ = .

.tm_clone_table
                0x20004b9c        0x0 load address 0x0000d110
 .tm_clone_table
                0x20004b9c        0x0 /usr/lib/gcc/arm-none-eabi/13.2.1/thumb/v7e-m+fp/hard/crtbegin.o
 .tm_clone_table
                0x20004b9c        0x0 /usr/lib/gcc/arm-none-eabi/13.2.1/thumb/v7e-m+fp/hard/crtend.o

.igot.plt       0x20004b9c        0x0 load address 0x0000d110
 .igot.plt      0x20004b9c        0x0 /usr/lib/gcc/arm-none-eabi/13.2.1/thumb/v7e-m+fp/hard/crtbegin.o

.bss            0x20004b9c      0x8ec load address 0x0000d110
                0x20004b9c                        . = ALIGN (0x4)
                0x20004b9c                        __bss_start__ = .
 *(.bss*)
 .bss           0x20004b9c       0x1c /usr/lib/gcc/arm-none-eabi/13.2.1/thumb/v7e-m+fp/hard/crtbegin.o
 .bss.m_tx_buffer
                0x20004bb8       0x40 _build/nrf52840_xxaa/nrfx_usbd.c.o
 .bss.m_ep_consumer_state
                0x20004bf8       0x6c _build/nrf52840_xxaa/nrfx_usbd.c.o
                0x20004bf8                m_ep_consumer_state
 .bss.m_ep_feeder_state
                0x20004c64       0x6c _build/nrf52840_xxaa/nrfx_usbd.c.o
                0x20004c64                m_ep_feeder_state
 .bss.m_ep_state
                0x20004cd0      0x120 _build/nrf52840_xxaa/nrfx_usbd.c.o
 .bss.m_simulated_dataepstatus
                0x20004df0        0x4 _build/nrf52840_xxaa/nrfx_usbd.c.o
 .bss.m_dma_pending
                0x20004df4        0x1 _build/nrf52840_xxaa/nrfx_usbd.c.o
 *fill*         0x20004df5        0x3 
 .bss.m_ep_dma_waiting
                0x20004df8        0x4 _build/nrf52840_xxaa/nrfx_usbd.c.o
 .bss.m_ep_ready
                0x20004dfc        0x4 _build/nrf52840_xxaa/nrfx_usbd.c.o
 .bss.m_last_setup_dir
                0x20004e00        0x1 _build/nrf52840_xxaa/nrfx_usbd.c.o
 .bss.m_bus_suspend
                0x20004e01        0x1 _build/nrf52840_xxaa/nrfx_usbd.c.o
 *fill*         0x20004e02        0x2 
 .bss.m_event_handler
                0x20004e04        0x4 _build/nrf52840_xxaa/nrfx_usbd.c.o
 .bss.m_drv_state
                0x20004e08        0x1 _build/nrf52840_xxaa/nrfx_usbd.c.o
 .bss.nrfx_clock_irq_enabled
                0x20004e09        0x1 _build/nrf52840_xxaa/nrfx_clock.c.o
                0x20004e09                nrfx_clock_irq_enabled
 *fill*         0x20004e0a        0x2 
 .bss.m_clock_cb
                0x20004e0c        0x8 _build/nrf52840_xxaa/nrfx_clock.c.o
 .bss.m_usbevt_handler
                0x20004e14        0x4 _build/nrf52840_xxaa/nrfx_power.c.o
 .bss.m_sleepevt_handler
                0x20004e18        0x4 _build/nrf52840_xxaa/nrfx_power.c.o
 .bss.m_pofwarn_handler
                0x20004e1c        0x4 _build/nrf52840_xxaa/nrfx_power.c.o
 .bss.nrfx_power_irq_enabled
                0x20004e20        0x1 _build/nrf52840_xxaa/nrfx_power.c.o
                0x20004e20                nrfx_power_irq_enabled
 *fill*         0x20004e21        0x1 
 .bss.hop       0x20004e22        0x2 _build/nrf52840_xxaa/main.c.o
                0x20004e22                hop
 .bss.h         0x20004e24       0x30 _build/nrf52840_xxaa/main.c.o
                0x20004e24                h
 .bss.ctx       0x20004e54       0x5c _build/nrf52840_xxaa/main.c.o
                0x20004e54                ctx
 .bss.cdc_port_open
                0x20004eb0        0x1 _build/nrf52840_xxaa/transport_usbd.c.o
 .bss.m_rx_buffer
                0x20004eb1       0x40 _build/nrf52840_xxaa/transport_usbd.c.o
 *fill*         0x20004ef1        0x3 
 .bss.m_rx_queue_nrf_queue_cb
                0x20004ef4        0xc _build/nrf52840_xxaa/transport_usbd.c.o
 .bss.m_rx_queue_nrf_queue_buffer
                0x20004f00       0x81 _build/nrf52840_xxaa/transport_usbd.c.o
 *fill*         0x20004f81        0x3 
 .bss.m_app_cdc_acm_data
                0x20004f84       0x88 _build/nrf52840_xxaa/transport_usbd.c.o
 .bss.timers    0x2000500c       0x24 _build/nrf52840_xxaa/timer.c.o
 .bss.cx.0      0x20005030        0x4 _build/nrf52840_xxaa/app_usbd.c.o
 .bss.p_event_item.1
                0x20005034        0x4 _build/nrf52840_xxaa/app_usbd.c.o
 .bss.m_current_conf
                0x20005038        0xc _build/nrf52840_xxaa/app_usbd.c.o
 .bss.m_rwu_registered_counter
                0x20005044        0x1 _build/nrf52840_xxaa/app_usbd.c.o
 .bss.m_sustate
                0x20005045        0x1 _build/nrf52840_xxaa/app_usbd.c.o
 *fill*         0x20005046        0x2 
 .bss.m_p_first_sof_interrupt_cinst
                0x20005048        0x4 _build/nrf52840_xxaa/app_usbd.c.o
 .bss.m_p_first_sof_cinst
                0x2000504c        0x4 _build/nrf52840_xxaa/app_usbd.c.o
 .bss.m_p_first_cinst
                0x20005050        0x4 _build/nrf52840_xxaa/app_usbd.c.o
 .bss.m_epout_conf
                0x20005054       0x48 _build/nrf52840_xxaa/app_usbd.c.o
 .bss.m_epin_conf
                0x2000509c       0x48 _build/nrf52840_xxaa/app_usbd.c.o
 .bss.m_event_frame
                0x200050e4        0x2 _build/nrf52840_xxaa/app_usbd.c.o
 *fill*         0x200050e6        0x2 
 .bss.m_sof_events_cnt
                0x200050e8        0x4 _build/nrf52840_xxaa/app_usbd.c.o
 .bss.m_event_queue_inst
                0x200050ec       0x10 _build/nrf52840_xxaa/app_usbd.c.o
 .bss.m_event_queue_data
                0x200050fc      0x108 _build/nrf52840_xxaa/app_usbd.c.o
 .bss.j.1       0x20005204        0x1 _build/nrf52840_xxaa/app_usbd_cdc_acm.c.o
 .bss.endpoints.2
                0x20005205        0x1 _build/nrf52840_xxaa/app_usbd_cdc_acm.c.o
 *fill*         0x20005206        0x2 
 .bss.p_cur_iface.3
                0x20005208        0x4 _build/nrf52840_xxaa/app_usbd_cdc_acm.c.o
 .bss.i.4       0x2000520c        0x1 _build/nrf52840_xxaa/app_usbd_cdc_acm.c.o
 *fill*         0x2000520d        0x3 
 .bss.m_descriptor_conf_feed_data
                0x20005210       0x18 _build/nrf52840_xxaa/app_usbd_core.c.o
 .bss.app_usbd_core_inst_data
                0x20005228        0xc _build/nrf52840_xxaa/app_usbd_core.c.o
 .bss.m_ep0_handler_desc
                0x20005234        0x8 _build/nrf52840_xxaa/app_usbd_core.c.o
 .bss.m_setup_transfer_buff
                0x2000523c       0x40 _build/nrf52840_xxaa/app_usbd_core.c.o
 .bss.m_rwu_pending
                0x2000527c        0x4 _build/nrf52840_xxaa/app_usbd_core.c.o
 .bss.m_device_features_state
                0x20005280        0x1 _build/nrf52840_xxaa/app_usbd_core.c.o
 .bss.m_app_usbd_state
                0x20005281        0x1 _build/nrf52840_xxaa/app_usbd_core.c.o
 .bss.g_extern_serial_number
                0x20005282        0xd _build/nrf52840_xxaa/app_usbd_serial_num.c.o
                0x20005282                g_extern_serial_number
 *fill*         0x2000528f        0x1 
 .bss.m_in_critical_region
                0x20005290        0x4 _build/nrf52840_xxaa/app_util_platform.c.o
 .bss.m_clock_cb
                0x20005294       0x14 _build/nrf52840_xxaa/nrf_drv_clock.c.o
 .bss.m_initialized
                0x200052a8        0x1 _build/nrf52840_xxaa/nrf_drv_power.c.o
 *fill*         0x200052a9        0x3 
 .bss           0x200052ac      0x13c /usr/lib/gcc/arm-none-eabi/13.2.1/../../../arm-none-eabi/lib/thumb/v7e-m+fp/hard/libc_nano.a(libc_a-findfp.o)
                0x200052ac                __sf
                0x200053e4                __stdio_exit_handler
 .bss           0x200053e8        0x8 /usr/lib/gcc/arm-none-eabi/13.2.1/../../../arm-none-eabi/lib/thumb/v7e-m+fp/hard/libc_nano.a(libc_a-mallocr.o)
                0x200053e8                __malloc_sbrk_start
                0x200053ec                __malloc_free_list
 .bss           0x200053f0       0x8c /usr/lib/gcc/arm-none-eabi/13.2.1/../../../arm-none-eabi/lib/thumb/v7e-m+fp/hard/libc_nano.a(libc_a-__atexit.o)
                0x200053f0                __atexit0
 .bss           0x2000547c        0x4 /usr/lib/gcc/arm-none-eabi/13.2.1/../../../arm-none-eabi/lib/thumb/v7e-m+fp/hard/libc_nano.a(libc_a-__call_atexit.o)
                0x2000547c                __atexit
 .bss           0x20005480        0x4 /usr/lib/gcc/arm-none-eabi/13.2.1/../../../arm-none-eabi/lib/thumb/v7e-m+fp/hard/libc_nano.a(libc_a-reent.o)
                0x20005480                errno
 .bss           0x20005484        0x4 /usr/lib/gcc/arm-none-eabi/13.2.1/../../../arm-none-eabi/lib/thumb/v7e-m+fp/hard/libnosys.a(sbrk.o)
 *(COMMON)
                0x20005488                        . = ALIGN (0x4)
                0x20005488                        __bss_end__ = .

.heap           0x20005488     0x2000
                0x20005488                        __HeapBase = .
                0x20005488                        __end__ = .
                0x20005488                        PROVIDE (end = .)
 *(.heap*)
 .heap          0x20005488     0x2000 _build/nrf52840_xxaa/gcc_startup_nrf52840.S.o
                0x20007488                        __HeapLimit = .

.stack_dummy    0x20005488     0x2000
 *(.stack*)
 .stack         0x20005488     0x2000 _build/nrf52840_xxaa/gcc_startup_nrf52840.S.o
                0x20040000                        __StackTop = (ORIGIN (RAM) + LENGTH (RAM))
                0x2003e000                        __StackLimit = (__StackTop - SIZEOF (.stack_dummy))
                0x20040000                        PROVIDE (__stack = __StackTop)
                0x00000001                        ASSERT ((__StackLimit >= __HeapLimit), region RAM overflowed with stack)
                0x00004b94                        DataInitFlashUsed = (__bss_start__ - __data_start__)
                0x0000757c                        CodeFlashUsed = (__etext - ORIGIN (FLASH))
                0x0000c110                        TotalFlashUsed = (CodeFlashUsed + DataInitFlashUsed)
                0x00000001                        ASSERT ((TotalFlashUsed <= LENGTH (FLASH)), region FLASH overflowed with .data and user data)
OUTPUT(_build/nrf52840_xxaa.out elf32-littlearm)
LOAD linker stubs

.ARM.attributes
                0x00000000       0x30
 .ARM.attributes
                0x00000000       0x22 /usr/lib/gcc/arm-none-eabi/13.2.1/thumb/v7e-m+fp/hard/crti.o
 .ARM.attributes
                0x00000022       0x34 /usr/lib/gcc/arm-none-eabi/13.2.1/thumb/v7e-m+fp/hard/crtbegin.o
 .ARM.attributes
                0x00000056       0x20 /usr/lib/gcc/arm-none-eabi/13.2.1/../../../arm-none-eabi/lib/thumb/v7e-m+fp/hard/crt0.o
 .ARM.attributes
                0x00000076       0x20 _build/nrf52840_xxaa/gcc_startup_nrf52840.S.o
 .ARM.attributes
                0x00000096       0x34 _build/nrf52840_xxaa/system_nrf52840.c.o
 .ARM.attributes
                0x000000ca       0x34 _build/nrf52840_xxaa/nrfx_usbd.c.o
 .ARM.attributes
                0x000000fe       0x34 _build/nrf52840_xxaa/nrfx_atomic.c.o
 .ARM.attributes
                0x00000132       0x34 _build/nrf52840_xxaa/nrfx_systick.c.o
 .ARM.attributes
                0x00000166       0x34 _build/nrf52840_xxaa/nrfx_clock.c.o
 .ARM.attributes
                0x0000019a       0x34 _build/nrf52840_xxaa/nrfx_power.c.o
 .ARM.attributes
                0x000001ce       0x34 _build/nrf52840_xxaa/hopping.c.o
 .ARM.attributes
                0x00000202       0x34 _build/nrf52840_xxaa/queue.c.o
 .ARM.attributes
                0x00000236       0x34 _build/nrf52840_xxaa/main.c.o
 .ARM.attributes
                0x0000026a       0x34 _build/nrf52840_xxaa/transport_usbd.c.o
 .ARM.attributes
                0x0000029e       0x34 _build/nrf52840_xxaa/radio.c.o
 .ARM.attributes
                0x000002d2       0x34 _build/nrf52840_xxaa/timer.c.o
 .ARM.attributes
                0x00000306       0x34 _build/nrf52840_xxaa/nrf_queue.c.o
 .ARM.attributes
                0x0000033a       0x34 _build/nrf52840_xxaa/app_usbd.c.o
 .ARM.attributes
                0x0000036e       0x34 _build/nrf52840_xxaa/app_usbd_cdc_acm.c.o
 .ARM.attributes
                0x000003a2       0x34 _build/nrf52840_xxaa/app_usbd_core.c.o
 .ARM.attributes
                0x000003d6       0x34 _build/nrf52840_xxaa/app_usbd_serial_num.c.o
 .ARM.attributes
                0x0000040a       0x34 _build/nrf52840_xxaa/app_usbd_string_desc.c.o
 .ARM.attributes
                0x0000043e       0x34 _build/nrf52840_xxaa/app_util_platform.c.o
 .ARM.attributes
                0x00000472       0x34 _build/nrf52840_xxaa/app_error.c.o
 .ARM.attributes
                0x000004a6       0x34 _build/nrf52840_xxaa/nrf_atfifo.c.o
 .ARM.attributes
                0x000004da       0x34 _build/nrf52840_xxaa/nrf_atomic.c.o
 .ARM.attributes
                0x0000050e       0x34 _build/nrf52840_xxaa/nrf_drv_clock.c.o
 .ARM.attributes
                0x00000542       0x34 _build/nrf52840_xxaa/nrf_drv_power.c.o
 .ARM.attributes
                0x00000576       0x34 /usr/lib/gcc/arm-none-eabi/13.2.1/../../../arm-none-eabi/lib/thumb/v7e-m+fp/hard/libc_nano.a(libc_a-assert.o)
 .ARM.attributes
                0x000005aa       0x34 /usr/lib/gcc/arm-none-eabi/13.2.1/../../../arm-none-eabi/lib/thumb/v7e-m+fp/hard/libc_nano.a(libc_a-strcpy.o)
 .ARM.attributes
                0x000005de       0x34 /usr/lib/gcc/arm-none-eabi/13.2.1/../../../arm-none-eabi/lib/thumb/v7e-m+fp/hard/libc_nano.a(libc_a-impure.o)
 .ARM.attributes
                0x00000612       0x34 /usr/lib/gcc/arm-none-eabi/13.2.1/../../../arm-none-eabi/lib/thumb/v7e-m+fp/hard/libc_nano.a(libc_a-init.o)
 .ARM.attributes
                0x00000646       0x34 /usr/lib/gcc/arm-none-eabi/13.2.1/../../../arm-none-eabi/lib/thumb/v7e-m+fp/hard/libc_nano.a(libc_a-abort.o)
 .ARM.attributes
                0x0000067a       0x1c /usr/lib/gcc/arm-none-eabi/13.2.1/../../../arm-none-eabi/lib/thumb/v7e-m+fp/hard/libc_nano.a(libc_a-strlen.o)
 .ARM.attributes
                0x00000696       0x34 /usr/lib/gcc/arm-none-eabi/13.2.1/../../../arm-none-eabi/lib/thumb/v7e-m+fp/hard/libc_nano.a(libc_a-memset.o)
 .ARM.attributes
                0x000006ca       0x20 /usr/lib/gcc/arm-none-eabi/13.2.1/../../../arm-none-eabi/lib/thumb/v7e-m+fp/hard/libc_nano.a(libc_a-memcpy.o)
 .ARM.attributes
                0x000006ea       0x34 /usr/lib/gcc/arm-none-eabi/13.2.1/../../../arm-none-eabi/lib/thumb/v7e-m+fp/hard/libc_nano.a(libc_a-fprintf.o)
 .ARM.attributes
                0x0000071e       0x34 /usr/lib/gcc/arm-none-eabi/13.2.1/../../../arm-none-eabi/lib/thumb/v7e-m+fp/hard/libc_nano.a(libc_a-exit.o)
 .ARM.attributes
                0x00000752       0x34 /usr/lib/gcc/arm-none-eabi/13.2.1/../../../arm-none-eabi/lib/thumb/v7e-m+fp/hard/libc_nano.a(libc_a-atexit.o)
 .ARM.attributes
                0x00000786       0x34 /usr/lib/gcc/arm-none-eabi/13.2.1/../../../arm-none-eabi/lib/thumb/v7e-m+fp/hard/libc_nano.a(libc_a-snprintf.o)
 .ARM.attributes
                0x000007ba       0x34 /usr/lib/gcc/arm-none-eabi/13.2.1/../../../arm-none-eabi/lib/thumb/v7e-m+fp/hard/libc_nano.a(libc_a-memcmp.o)
 .ARM.attributes
                0x000007ee       0x34 /usr/lib/gcc/arm-none-eabi/13.2.1/../../../arm-none-eabi/lib/thumb/v7e-m+fp/hard/libc_nano.a(libc_a-nano-vfprintf.o)
 .ARM.attributes
                0x00000822       0x34 /usr/lib/gcc/arm-none-eabi/13.2.1/../../../arm-none-eabi/lib/thumb/v7e-m+fp/hard/libc_nano.a(libc_a-fini.o)
 .ARM.attributes
                0x00000856       0x34 /usr/lib/gcc/arm-none-eabi/13.2.1/../../../arm-none-eabi/lib/thumb/v7e-m+fp/hard/libc_nano.a(libc_a-wbuf.o)
 .ARM.attributes
                0x0000088a       0x34 /usr/lib/gcc/arm-none-eabi/13.2.1/../../../arm-none-eabi/lib/thumb/v7e-m+fp/hard/libc_nano.a(libc_a-nano-svfprintf.o)
 .ARM.attributes
                0x000008be       0x34 /usr/lib/gcc/arm-none-eabi/13.2.1/../../../arm-none-eabi/lib/thumb/v7e-m+fp/hard/libc_nano.a(libc_a-fvwrite.o)
 .ARM.attributes
                0x000008f2       0x34 /usr/lib/gcc/arm-none-eabi/13.2.1/../../../arm-none-eabi/lib/thumb/v7e-m+fp/hard/libc_nano.a(libc_a-signal.o)
 .ARM.attributes
                0x00000926       0x34 /usr/lib/gcc/arm-none-eabi/13.2.1/../../../arm-none-eabi/lib/thumb/v7e-m+fp/hard/libc_nano.a(libc_a-findfp.o)
 .ARM.attributes
                0x0000095a       0x34 /usr/lib/gcc/arm-none-eabi/13.2.1/../../../arm-none-eabi/lib/thumb/v7e-m+fp/hard/libc_nano.a(libc_a-fflush.o)
 .ARM.attributes
                0x0000098e       0x34 /usr/lib/gcc/arm-none-eabi/13.2.1/../../../arm-none-eabi/lib/thumb/v7e-m+fp/hard/libc_nano.a(libc_a-mallocr.o)
 .ARM.attributes
                0x000009c2       0x34 /usr/lib/gcc/arm-none-eabi/13.2.1/../../../arm-none-eabi/lib/thumb/v7e-m+fp/hard/libc_nano.a(libc_a-freer.o)
 .ARM.attributes
                0x000009f6       0x34 /usr/lib/gcc/arm-none-eabi/13.2.1/../../../arm-none-eabi/lib/thumb/v7e-m+fp/hard/libc_nano.a(libc_a-memmove.o)
 .ARM.attributes
                0x00000a2a       0x34 /usr/lib/gcc/arm-none-eabi/13.2.1/../../../arm-none-eabi/lib/thumb/v7e-m+fp/hard/libc_nano.a(libc_a-fwalk.o)
 .ARM.attributes
                0x00000a5e       0x1c /usr/lib/gcc/arm-none-eabi/13.2.1/../../../arm-none-eabi/lib/thumb/v7e-m+fp/hard/libc_nano.a(libc_a-memchr.o)
 .ARM.attributes
                0x00000a7a       0x34 /usr/lib/gcc/arm-none-eabi/13.2.1/../../../arm-none-eabi/lib/thumb/v7e-m+fp/hard/libc_nano.a(libc_a-wsetup.o)
 .ARM.attributes
                0x00000aae       0x34 /usr/lib/gcc/arm-none-eabi/13.2.1/../../../arm-none-eabi/lib/thumb/v7e-m+fp/hard/libc_nano.a(libc_a-__atexit.o)
 .ARM.attributes
                0x00000ae2       0x34 /usr/lib/gcc/arm-none-eabi/13.2.1/../../../arm-none-eabi/lib/thumb/v7e-m+fp/hard/libc_nano.a(libc_a-reallocr.o)
 .ARM.attributes
                0x00000b16       0x34 /usr/lib/gcc/arm-none-eabi/13.2.1/../../../arm-none-eabi/lib/thumb/v7e-m+fp/hard/libc_nano.a(libc_a-nano-vfprintf_i.o)
 .ARM.attributes
                0x00000b4a       0x34 /usr/lib/gcc/arm-none-eabi/13.2.1/../../../arm-none-eabi/lib/thumb/v7e-m+fp/hard/libc_nano.a(libc_a-mlock.o)
 .ARM.attributes
                0x00000b7e       0x34 /usr/lib/gcc/arm-none-eabi/13.2.1/../../../arm-none-eabi/lib/thumb/v7e-m+fp/hard/libc_nano.a(libc_a-makebuf.o)
 .ARM.attributes
                0x00000bb2       0x34 /usr/lib/gcc/arm-none-eabi/13.2.1/../../../arm-none-eabi/lib/thumb/v7e-m+fp/hard/libc_nano.a(libc_a-isattyr.o)
 .ARM.attributes
                0x00000be6       0x34 /usr/lib/gcc/arm-none-eabi/13.2.1/../../../arm-none-eabi/lib/thumb/v7e-m+fp/hard/libc_nano.a(libc_a-sbrkr.o)
 .ARM.attributes
                0x00000c1a       0x34 /usr/lib/gcc/arm-none-eabi/13.2.1/../../../arm-none-eabi/lib/thumb/v7e-m+fp/hard/libc_nano.a(libc_a-stdio.o)
 .ARM.attributes
                0x00000c4e       0x34 /usr/lib/gcc/arm-none-eabi/13.2.1/../../../arm-none-eabi/lib/thumb/v7e-m+fp/hard/libc_nano.a(libc_a-msizer.o)
 .ARM.attributes
                0x00000c82       0x34 /usr/lib/gcc/arm-none-eabi/13.2.1/../../../arm-none-eabi/lib/thumb/v7e-m+fp/hard/libc_nano.a(libc_a-signalr.o)
 .ARM.attributes
                0x00000cb6       0x34 /usr/lib/gcc/arm-none-eabi/13.2.1/../../../arm-none-eabi/lib/thumb/v7e-m+fp/hard/libc_nano.a(libc_a-closer.o)
 .ARM.attributes
                0x00000cea       0x34 /usr/lib/gcc/arm-none-eabi/13.2.1/../../../arm-none-eabi/lib/thumb/v7e-m+fp/hard/libc_nano.a(libc_a-__call_atexit.o)
 .ARM.attributes
                0x00000d1e       0x34 /usr/lib/gcc/arm-none-eabi/13.2.1/../../../arm-none-eabi/lib/thumb/v7e-m+fp/hard/libc_nano.a(libc_a-readr.o)
 .ARM.attributes
                0x00000d52       0x34 /usr/lib/gcc/arm-none-eabi/13.2.1/../../../arm-none-eabi/lib/thumb/v7e-m+fp/hard/libc_nano.a(libc_a-reent.o)
 .ARM.attributes
                0x00000d86       0x34 /usr/lib/gcc/arm-none-eabi/13.2.1/../../../arm-none-eabi/lib/thumb/v7e-m+fp/hard/libc_nano.a(libc_a-fstatr.o)
 .ARM.attributes
                0x00000dba       0x34 /usr/lib/gcc/arm-none-eabi/13.2.1/../../../arm-none-eabi/lib/thumb/v7e-m+fp/hard/libc_nano.a(libc_a-lseekr.o)
 .ARM.attributes
                0x00000dee       0x34 /usr/lib/gcc/arm-none-eabi/13.2.1/../../../arm-none-eabi/lib/thumb/v7e-m+fp/hard/libc_nano.a(libc_a-writer.o)
 .ARM.attributes
                0x00000e22       0x34 /usr/lib/gcc/arm-none-eabi/13.2.1/../../../arm-none-eabi/lib/thumb/v7e-m+fp/hard/libnosys.a(close.o)
 .ARM.attributes
                0x00000e56       0x34 /usr/lib/gcc/arm-none-eabi/13.2.1/../../../arm-none-eabi/lib/thumb/v7e-m+fp/hard/libnosys.a(fstat.o)
 .ARM.attributes
                0x00000e8a       0x34 /usr/lib/gcc/arm-none-eabi/13.2.1/../../../arm-none-eabi/lib/thumb/v7e-m+fp/hard/libnosys.a(getpid.o)
 .ARM.attributes
                0x00000ebe       0x34 /usr/lib/gcc/arm-none-eabi/13.2.1/../../../arm-none-eabi/lib/thumb/v7e-m+fp/hard/libnosys.a(isatty.o)
 .ARM.attributes
                0x00000ef2       0x34 /usr/lib/gcc/arm-none-eabi/13.2.1/../../../arm-none-eabi/lib/thumb/v7e-m+fp/hard/libnosys.a(kill.o)
 .ARM.attributes
                0x00000f26       0x34 /usr/lib/gcc/arm-none-eabi/13.2.1/../../../arm-none-eabi/lib/thumb/v7e-m+fp/hard/libnosys.a(lseek.o)
 .ARM.attributes
                0x00000f5a       0x34 /usr/lib/gcc/arm-none-eabi/13.2.1/../../../arm-none-eabi/lib/thumb/v7e-m+fp/hard/libnosys.a(read.o)
 .ARM.attributes
                0x00000f8e       0x34 /usr/lib/gcc/arm-none-eabi/13.2.1/../../../arm-none-eabi/lib/thumb/v7e-m+fp/hard/libnosys.a(sbrk.o)
 .ARM.attributes
                0x00000fc2       0x34 /usr/lib/gcc/arm-none-eabi/13.2.1/../../../arm-none-eabi/lib/thumb/v7e-m+fp/hard/libnosys.a(write.o)
 .ARM.attributes
                0x00000ff6       0x34 /usr/lib/gcc/arm-none-eabi/13.2.1/../../../arm-none-eabi/lib/thumb/v7e-m+fp/hard/libnosys.a(_exit.o)
 .ARM.attributes
                0x0000102a       0x34 /usr/lib/gcc/arm-none-eabi/13.2.1/thumb/v7e-m+fp/hard/crtend.o
 .ARM.attributes
                0x0000105e       0x22 /usr/lib/gcc/arm-none-eabi/13.2.1/thumb/v7e-m+fp/hard/crtn.o

.comment        0x00000000       0x26
 .comment       0x00000000       0x26 /usr/lib/gcc/arm-none-eabi/13.2.1/thumb/v7e-m+fp/hard/crtbegin.o
                                 0x27 (size before relaxing)
 .comment       0x00000026       0x27 _build/nrf52840_xxaa/system_nrf52840.c.o
 .comment       0x00000026       0x27 _build/nrf52840_xxaa/nrfx_usbd.c.o
 .comment       0x00000026       0x27 _build/nrf52840_xxaa/nrfx_atomic.c.o
 .comment       0x00000026       0x27 _build/nrf52840_xxaa/nrfx_systick.c.o
 .comment       0x00000026       0x27 _build/nrf52840_xxaa/nrfx_clock.c.o
 .comment       0x00000026       0x27 _build/nrf52840_xxaa/nrfx_power.c.o
 .comment       0x00000026       0x27 _build/nrf52840_xxaa/hopping.c.o
 .comment       0x00000026       0x27 _build/nrf52840_xxaa/queue.c.o
 .comment       0x00000026       0x27 _build/nrf52840_xxaa/main.c.o
 .comment       0x00000026       0x27 _build/nrf52840_xxaa/transport_usbd.c.o
 .comment       0x00000026       0x27 _build/nrf52840_xxaa/radio.c.o
 .comment       0x00000026       0x27 _build/nrf52840_xxaa/timer.c.o
 .comment       0x00000026       0x27 _build/nrf52840_xxaa/nrf_queue.c.o
 .comment       0x00000026       0x27 _build/nrf52840_xxaa/app_usbd.c.o
 .comment       0x00000026       0x27 _build/nrf52840_xxaa/app_usbd_cdc_acm.c.o
 .comment       0x00000026       0x27 _build/nrf52840_xxaa/app_usbd_core.c.o
 .comment       0x00000026       0x27 _build/nrf52840_xxaa/app_usbd_serial_num.c.o
 .comment       0x00000026       0x27 _build/nrf52840_xxaa/app_usbd_string_desc.c.o
 .comment       0x00000026       0x27 _build/nrf52840_xxaa/app_util_platform.c.o
 .comment       0x00000026       0x27 _build/nrf52840_xxaa/app_error.c.o
 .comment       0x00000026       0x27 _build/nrf52840_xxaa/nrf_atfifo.c.o
 .comment       0x00000026       0x27 _build/nrf52840_xxaa/nrf_atomic.c.o
 .comment       0x00000026       0x27 _build/nrf52840_xxaa/nrf_drv_clock.c.o
 .comment       0x00000026       0x27 _build/nrf52840_xxaa/nrf_drv_power.c.o
 .comment       0x00000026       0x27 /usr/lib/gcc/arm-none-eabi/13.2.1/../../../arm-none-eabi/lib/thumb/v7e-m+fp/hard/libc_nano.a(libc_a-assert.o)
 .comment       0x00000026       0x27 /usr/lib/gcc/arm-none-eabi/13.2.1/../../../arm-none-eabi/lib/thumb/v7e-m+fp/hard/libc_nano.a(libc_a-strcpy.o)
 .comment       0x00000026       0x27 /usr/lib/gcc/arm-none-eabi/13.2.1/../../../arm-none-eabi/lib/thumb/v7e-m+fp/hard/libc_nano.a(libc_a-impure.o)
 .comment       0x00000026       0x27 /usr/lib/gcc/arm-none-eabi/13.2.1/../../../arm-none-eabi/lib/thumb/v7e-m+fp/hard/libc_nano.a(libc_a-init.o)
 .comment       0x00000026       0x27 /usr/lib/gcc/arm-none-eabi/13.2.1/../../../arm-none-eabi/lib/thumb/v7e-m+fp/hard/libc_nano.a(libc_a-abort.o)
 .comment       0x00000026       0x27 /usr/lib/gcc/arm-none-eabi/13.2.1/../../../arm-none-eabi/lib/thumb/v7e-m+fp/hard/libc_nano.a(libc_a-memset.o)
 .comment       0x00000026       0x27 /usr/lib/gcc/arm-none-eabi/13.2.1/../../../arm-none-eabi/lib/thumb/v7e-m+fp/hard/libc_nano.a(libc_a-fprintf.o)
 .comment       0x00000026       0x27 /usr/lib/gcc/arm-none-eabi/13.2.1/../../../arm-none-eabi/lib/thumb/v7e-m+fp/hard/libc_nano.a(libc_a-exit.o)
 .comment       0x00000026       0x27 /usr/lib/gcc/arm-none-eabi/13.2.1/../../../arm-none-eabi/lib/thumb/v7e-m+fp/hard/libc_nano.a(libc_a-atexit.o)
 .comment       0x00000026       0x27 /usr/lib/gcc/arm-none-eabi/13.2.1/../../../arm-none-eabi/lib/thumb/v7e-m+fp/hard/libc_nano.a(libc_a-snprintf.o)
 .comment       0x00000026       0x27 /usr/lib/gcc/arm-none-eabi/13.2.1/../../../arm-none-eabi/lib/thumb/v7e-m+fp/hard/libc_nano.a(libc_a-memcmp.o)
 .comment       0x00000026       0x27 /usr/lib/gcc/arm-none-eabi/13.2.1/../../../arm-none-eabi/lib/thumb/v7e-m+fp/hard/libc_nano.a(libc_a-nano-vfprintf.o)
 .comment       0x00000026       0x27 /usr/lib/gcc/arm-none-eabi/13.2.1/../../../arm-none-eabi/lib/thumb/v7e-m+fp/hard/libc_nano.a(libc_a-fini.o)
 .comment       0x00000026       0x27 /usr/lib/gcc/arm-none-eabi/13.2.1/../../../arm-none-eabi/lib/thumb/v7e-m+fp/hard/libc_nano.a(libc_a-wbuf.o)
 .comment       0x00000026       0x27 /usr/lib/gcc/arm-none-eabi/13.2.1/../../../arm-none-eabi/lib/thumb/v7e-m+fp/hard/libc_nano.a(libc_a-nano-svfprintf.o)
 .comment       0x00000026       0x27 /usr/lib/gcc/arm-none-eabi/13.2.1/../../../arm-none-eabi/lib/thumb/v7e-m+fp/hard/libc_nano.a(libc_a-fvwrite.o)
 .comment       0x00000026       0x27 /usr/lib/gcc/arm-none-eabi/13.2.1/../../../arm-none-eabi/lib/thumb/v7e-m+fp/hard/libc_nano.a(libc_a-signal.o)
 .comment       0x00000026       0x27 /usr/lib/gcc/arm-none-eabi/13.2.1/../../../arm-none-eabi/lib/thumb/v7e-m+fp/hard/libc_nano.a(libc_a-findfp.o)
 .comment       0x00000026       0x27 /usr/lib/gcc/arm-none-eabi/13.2.1/../../../arm-none-eabi/lib/thumb/v7e-m+fp/hard/libc_nano.a(libc_a-fflush.o)
 .comment       0x00000026       0x27 /usr/lib/gcc/arm-none-eabi/13.2.1/../../../arm-none-eabi/lib/thumb/v7e-m+fp/hard/libc_nano.a(libc_a-mallocr.o)
 .comment       0x00000026       0x27 /usr/lib/gcc/arm-none-eabi/13.2.1/../../../arm-none-eabi/lib/thumb/v7e-m+fp/hard/libc_nano.a(libc_a-freer.o)
 .comment       0x00000026       0x27 /usr/lib/gcc/arm-none-eabi/13.2.1/../../../arm-none-eabi/lib/thumb/v7e-m+fp/hard/libc_nano.a(libc_a-memmove.o)
 .comment       0x00000026       0x27 /usr/lib/gcc/arm-none-eabi/13.2.1/../../../arm-none-eabi/lib/thumb/v7e-m+fp/hard/libc_nano.a(libc_a-fwalk.o)
 .comment       0x00000026       0x27 /usr/lib/gcc/arm-none-eabi/13.2.1/../../../arm-none-eabi/lib/thumb/v7e-m+fp/hard/libc_nano.a(libc_a-wsetup.o)
 .comment       0x00000026       0x27 /usr/lib/gcc/arm-none-eabi/13.2.1/../../../arm-none-eabi/lib/thumb/v7e-m+fp/hard/libc_nano.a(libc_a-__atexit.o)
 .comment       0x00000026       0x27 /usr/lib/gcc/arm-none-eabi/13.2.1/../../../arm-none-eabi/lib/thumb/v7e-m+fp/hard/libc_nano.a(libc_a-reallocr.o)
 .comment       0x00000026       0x27 /usr/lib/gcc/arm-none-eabi/13.2.1/../../../arm-none-eabi/lib/thumb/v7e-m+fp/hard/libc_nano.a(libc_a-nano-vfprintf_i.o)
 .comment       0x00000026       0x27 /usr/lib/gcc/arm-none-eabi/13.2.1/../../../arm-none-eabi/lib/thumb/v7e-m+fp/hard/libc_nano.a(libc_a-mlock.o)
 .comment       0x00000026       0x27 /usr/lib/gcc/arm-none-eabi/13.2.1/../../../arm-none-eabi/lib/thumb/v7e-m+fp/hard/libc_nano.a(libc_a-makebuf.o)
 .comment       0x00000026       0x27 /usr/lib/gcc/arm-none-eabi/13.2.1/../../../arm-none-eabi/lib/thumb/v7e-m+fp/hard/libc_nano.a(libc_a-isattyr.o)
 .comment       0x00000026       0x27 /usr/lib/gcc/arm-none-eabi/13.2.1/../../../arm-none-eabi/lib/thumb/v7e-m+fp/hard/libc_nano.a(libc_a-sbrkr.o)
 .comment       0x00000026       0x27 /usr/lib/gcc/arm-none-eabi/13.2.1/../../../arm-none-eabi/lib/thumb/v7e-m+fp/hard/libc_nano.a(libc_a-stdio.o)
 .comment       0x00000026       0x27 /usr/lib/gcc/arm-none-eabi/13.2.1/../../../arm-none-eabi/lib/thumb/v7e-m+fp/hard/libc_nano.a(libc_a-msizer.o)
 .comment       0x00000026       0x27 /usr/lib/gcc/arm-none-eabi/13.2.1/../../../arm-none-eabi/lib/thumb/v7e-m+fp/hard/libc_nano.a(libc_a-signalr.o)
 .comment       0x00000026       0x27 /usr/lib/gcc/arm-none-eabi/13.2.1/../../../arm-none-eabi/lib/thumb/v7e-m+fp/hard/libc_nano.a(libc_a-closer.o)
 .comment       0x00000026       0x27 /usr/lib/gcc/arm-none-eabi/13.2.1/../../../arm-none-eabi/lib/thumb/v7e-m+fp/hard/libc_nano.a(libc_a-__call_atexit.o)
 .comment       0x00000026       0x27 /usr/lib/gcc/arm-none-eabi/13.2.1/../../../arm-none-eabi/lib/thumb/v7e-m+fp/hard/libc_nano.a(libc_a-readr.o)
 .comment       0x00000026       0x27 /usr/lib/gcc/arm-none-eabi/13.2.1/../../../arm-none-eabi/lib/thumb/v7e-m+fp/hard/libc_nano.a(libc_a-reent.o)
 .comment       0x00000026       0x27 /usr/lib/gcc/arm-none-eabi/13.2.1/../../../arm-none-eabi/lib/thumb/v7e-m+fp/hard/libc_nano.a(libc_a-fstatr.o)
 .comment       0x00000026       0x27 /usr/lib/gcc/arm-none-eabi/13.2.1/../../../arm-none-eabi/lib/thumb/v7e-m+fp/hard/libc_nano.a(libc_a-lseekr.o)
 .comment       0x00000026       0x27 /usr/lib/gcc/arm-none-eabi/13.2.1/../../../arm-none-eabi/lib/thumb/v7e-m+fp/hard/libc_nano.a(libc_a-writer.o)